../Core/Src/Drone/../Sensors/mtp02p.h:94:20:static MTF02P* MTF02PSingleton::getMTF02PInstance()	16	static
../Core/Src/Drone/../motors.h:39:18:static Motors* MotorsSingleton::getInstance(TIM_HandleTypeDef*, TIM_HandleTypeDef*)	24	static
../Core/Src/Drone/drone.cpp:25:6:void HAL_UART_RxCpltCallback(UART_HandleTypeDef*)	16	static
../Core/Src/Drone/../Calcs/estimations.h:9:7:Estimator::Estimator()	24	static
../Core/Src/Drone/drone.cpp:37:6:void runDrone(Stm32Handlers*)	40	static
../Core/Src/Drone/drone.cpp:78:1:void __static_initialization_and_destruction_0(int, int)	16	static
../Core/Src/Drone/drone.cpp:78:1:cpp)	8	static
