Archive member included to satisfy reference by file (symbol)

/Applications/ArmGNUToolchain/15.2.rel1/arm-none-eabi/bin/../lib/gcc/arm-none-eabi/15.2.1/../../../../arm-none-eabi/lib/thumb/v7e-m+fp/hard/libm.a(libm_a-wf_atan2.o)
                              ./Core/Src/Sensors/Gyro.o (atan2f)
/Applications/ArmGNUToolchain/15.2.rel1/arm-none-eabi/bin/../lib/gcc/arm-none-eabi/15.2.1/../../../../arm-none-eabi/lib/thumb/v7e-m+fp/hard/libm.a(libm_a-w_exp.o)
                              ./Core/Src/Calcs/DSPFilters/src/FilterOnePole.o (exp)
/Applications/ArmGNUToolchain/15.2.rel1/arm-none-eabi/bin/../lib/gcc/arm-none-eabi/15.2.1/../../../../arm-none-eabi/lib/thumb/v7e-m+fp/hard/libm.a(libm_a-wf_sqrt.o)
                              ./Core/Src/Calcs/DSPFilters/src/RunningStatistics.o (sqrtf)
/Applications/ArmGNUToolchain/15.2.rel1/arm-none-eabi/bin/../lib/gcc/arm-none-eabi/15.2.1/../../../../arm-none-eabi/lib/thumb/v7e-m+fp/hard/libm.a(libm_a-sf_atan.o)
                              ./Core/Src/Sensors/Gyro.o (atanf)
/Applications/ArmGNUToolchain/15.2.rel1/arm-none-eabi/bin/../lib/gcc/arm-none-eabi/15.2.1/../../../../arm-none-eabi/lib/thumb/v7e-m+fp/hard/libm.a(libm_a-w_sqrt.o)
                              ./Core/Src/Calcs/DSPFilters/src/FilterTwoPole.o (sqrt)
/Applications/ArmGNUToolchain/15.2.rel1/arm-none-eabi/bin/../lib/gcc/arm-none-eabi/15.2.1/../../../../arm-none-eabi/lib/thumb/v7e-m+fp/hard/libm.a(libm_a-sf_fabs.o)
                              /Applications/ArmGNUToolchain/15.2.rel1/arm-none-eabi/bin/../lib/gcc/arm-none-eabi/15.2.1/../../../../arm-none-eabi/lib/thumb/v7e-m+fp/hard/libm.a(libm_a-sf_atan.o) (fabsf)
/Applications/ArmGNUToolchain/15.2.rel1/arm-none-eabi/bin/../lib/gcc/arm-none-eabi/15.2.1/../../../../arm-none-eabi/lib/thumb/v7e-m+fp/hard/libm.a(libm_a-s_cos.o)
                              ./Core/Src/Sensors/Gyro.o (cos)
/Applications/ArmGNUToolchain/15.2.rel1/arm-none-eabi/bin/../lib/gcc/arm-none-eabi/15.2.1/../../../../arm-none-eabi/lib/thumb/v7e-m+fp/hard/libm.a(libm_a-s_finite.o)
                              /Applications/ArmGNUToolchain/15.2.rel1/arm-none-eabi/bin/../lib/gcc/arm-none-eabi/15.2.1/../../../../arm-none-eabi/lib/thumb/v7e-m+fp/hard/libm.a(libm_a-w_exp.o) (finite)
/Applications/ArmGNUToolchain/15.2.rel1/arm-none-eabi/bin/../lib/gcc/arm-none-eabi/15.2.1/../../../../arm-none-eabi/lib/thumb/v7e-m+fp/hard/libm.a(libm_a-s_sin.o)
                              ./Core/Src/Sensors/Gyro.o (sin)
/Applications/ArmGNUToolchain/15.2.rel1/arm-none-eabi/bin/../lib/gcc/arm-none-eabi/15.2.1/../../../../arm-none-eabi/lib/thumb/v7e-m+fp/hard/libm.a(libm_a-ef_atan2.o)
                              /Applications/ArmGNUToolchain/15.2.rel1/arm-none-eabi/bin/../lib/gcc/arm-none-eabi/15.2.1/../../../../arm-none-eabi/lib/thumb/v7e-m+fp/hard/libm.a(libm_a-wf_atan2.o) (__ieee754_atan2f)
/Applications/ArmGNUToolchain/15.2.rel1/arm-none-eabi/bin/../lib/gcc/arm-none-eabi/15.2.1/../../../../arm-none-eabi/lib/thumb/v7e-m+fp/hard/libm.a(libm_a-e_sqrt.o)
                              /Applications/ArmGNUToolchain/15.2.rel1/arm-none-eabi/bin/../lib/gcc/arm-none-eabi/15.2.1/../../../../arm-none-eabi/lib/thumb/v7e-m+fp/hard/libm.a(libm_a-w_sqrt.o) (__ieee754_sqrt)
/Applications/ArmGNUToolchain/15.2.rel1/arm-none-eabi/bin/../lib/gcc/arm-none-eabi/15.2.1/../../../../arm-none-eabi/lib/thumb/v7e-m+fp/hard/libm.a(libm_a-ef_sqrt.o)
                              /Applications/ArmGNUToolchain/15.2.rel1/arm-none-eabi/bin/../lib/gcc/arm-none-eabi/15.2.1/../../../../arm-none-eabi/lib/thumb/v7e-m+fp/hard/libm.a(libm_a-wf_sqrt.o) (__ieee754_sqrtf)
/Applications/ArmGNUToolchain/15.2.rel1/arm-none-eabi/bin/../lib/gcc/arm-none-eabi/15.2.1/../../../../arm-none-eabi/lib/thumb/v7e-m+fp/hard/libm.a(libm_a-e_exp.o)
                              /Applications/ArmGNUToolchain/15.2.rel1/arm-none-eabi/bin/../lib/gcc/arm-none-eabi/15.2.1/../../../../arm-none-eabi/lib/thumb/v7e-m+fp/hard/libm.a(libm_a-w_exp.o) (__ieee754_exp)
/Applications/ArmGNUToolchain/15.2.rel1/arm-none-eabi/bin/../lib/gcc/arm-none-eabi/15.2.1/../../../../arm-none-eabi/lib/thumb/v7e-m+fp/hard/libm.a(libm_a-e_rem_pio2.o)
                              /Applications/ArmGNUToolchain/15.2.rel1/arm-none-eabi/bin/../lib/gcc/arm-none-eabi/15.2.1/../../../../arm-none-eabi/lib/thumb/v7e-m+fp/hard/libm.a(libm_a-s_cos.o) (__ieee754_rem_pio2)
/Applications/ArmGNUToolchain/15.2.rel1/arm-none-eabi/bin/../lib/gcc/arm-none-eabi/15.2.1/../../../../arm-none-eabi/lib/thumb/v7e-m+fp/hard/libm.a(libm_a-math_err.o)
                              /Applications/ArmGNUToolchain/15.2.rel1/arm-none-eabi/bin/../lib/gcc/arm-none-eabi/15.2.1/../../../../arm-none-eabi/lib/thumb/v7e-m+fp/hard/libm.a(libm_a-e_exp.o) (__math_uflow)
/Applications/ArmGNUToolchain/15.2.rel1/arm-none-eabi/bin/../lib/gcc/arm-none-eabi/15.2.1/../../../../arm-none-eabi/lib/thumb/v7e-m+fp/hard/libm.a(libm_a-k_rem_pio2.o)
[...]
Memory Configuration

Name             Origin             Length             Attributes
CCMRAM           0x10000000         0x00010000         xrw
RAM              0x20000000         0x00020000         xrw
FLASH            0x08000000         0x00100000         xr
*default*        0x00000000         0xffffffff

Linker script and memory map

LOAD /Applications/ArmGNUToolchain/15.2.rel1/arm-none-eabi/bin/../lib/gcc/arm-none-eabi/15.2.1/thumb/v7e-m+fp/hard/crti.o
LOAD /Applications/ArmGNUToolchain/15.2.rel1/arm-none-eabi/bin/../lib/gcc/arm-none-eabi/15.2.1/thumb/v7e-m+fp/hard/crtbegin.o
LOAD /Applications/ArmGNUToolchain/15.2.rel1/arm-none-eabi/bin/../lib/gcc/arm-none-eabi/15.2.1/../../../../arm-none-eabi/lib/thumb/v7e-m+fp/hard/crt0.o
LOAD ./Core/Src/Calcs/DSPFilters/src/FilterDerivative.o
LOAD ./Core/Src/Calcs/DSPFilters/src/FilterOnePole.o
LOAD ./Core/Src/Calcs/DSPFilters/src/FilterTwoPole.o
LOAD ./Core/Src/Calcs/DSPFilters/src/RunningStatistics.o
LOAD ./Core/Src/Calcs/estimations.o
LOAD ./Core/Src/Calcs/filters.o
LOAD ./Core/Src/Comms/ble.o
LOAD ./Core/Src/Comms/hc-06.o
LOAD ./Core/Src/Drone/drone.o
LOAD ./Core/Src/Sensors/Gyro.o
LOAD ./Core/Src/Sensors/mtp02p.o
LOAD ./Core/Src/globals.o
LOAD ./Core/Src/main.o
LOAD ./Core/Src/motors.o
LOAD ./Core/Src/pid.o
LOAD ./Core/Src/stm32f4xx_hal_msp.o
LOAD ./Core/Src/stm32f4xx_it.o
LOAD ./Core/Src/syscalls.o
LOAD ./Core/Src/sysmem.o
LOAD ./Core/Src/system_stm32f4xx.o
LOAD ./Core/Src/timer.o
LOAD ./Core/Startup/startup_stm32f405rgtx.o
LOAD ./Drivers/STM32F4xx_HAL_Driver/Src/stm32f4xx_hal.o
LOAD ./Drivers/STM32F4xx_HAL_Driver/Src/stm32f4xx_hal_cortex.o
LOAD ./Drivers/STM32F4xx_HAL_Driver/Src/stm32f4xx_hal_dma.o
LOAD ./Drivers/STM32F4xx_HAL_Driver/Src/stm32f4xx_hal_dma_ex.o
LOAD ./Drivers/STM32F4xx_HAL_Driver/Src/stm32f4xx_hal_exti.o
LOAD ./Drivers/STM32F4xx_HAL_Driver/Src/stm32f4xx_hal_flash.o
LOAD ./Drivers/STM32F4xx_HAL_Driver/Src/stm32f4xx_hal_flash_ex.o
LOAD ./Drivers/STM32F4xx_HAL_Driver/Src/stm32f4xx_hal_flash_ramfunc.o
LOAD ./Drivers/STM32F4xx_HAL_Driver/Src/stm32f4xx_hal_gpio.o
LOAD ./Drivers/STM32F4xx_HAL_Driver/Src/stm32f4xx_hal_pcd.o
LOAD ./Drivers/STM32F4xx_HAL_Driver/Src/stm32f4xx_hal_pcd_ex.o
LOAD ./Drivers/STM32F4xx_HAL_Driver/Src/stm32f4xx_hal_pwr.o
LOAD ./Drivers/STM32F4xx_HAL_Driver/Src/stm32f4xx_hal_pwr_ex.o
LOAD ./Drivers/STM32F4xx_HAL_Driver/Src/stm32f4xx_hal_rcc.o
LOAD ./Drivers/STM32F4xx_HAL_Driver/Src/stm32f4xx_hal_rcc_ex.o
LOAD ./Drivers/STM32F4xx_HAL_Driver/Src/stm32f4xx_hal_spi.o
LOAD ./Drivers/STM32F4xx_HAL_Driver/Src/stm32f4xx_hal_tim.o
LOAD ./Drivers/STM32F4xx_HAL_Driver/Src/stm32f4xx_hal_tim_ex.o
LOAD ./Drivers/STM32F4xx_HAL_Driver/Src/stm32f4xx_hal_uart.o
LOAD ./Drivers/STM32F4xx_HAL_Driver/Src/stm32f4xx_ll_usb.o
LOAD ./Middlewares/ST/STM32_USB_Device_Library/Class/CDC/Src/usbd_cdc.o
LOAD ./Middlewares/ST/STM32_USB_Device_Library/Core/Src/usbd_core.o
LOAD ./Middlewares/ST/STM32_USB_Device_Library/Core/Src/usbd_ctlreq.o
LOAD ./Middlewares/ST/STM32_USB_Device_Library/Core/Src/usbd_ioreq.o
LOAD ./USB_DEVICE/App/usb_device.o
LOAD ./USB_DEVICE/App/usbd_cdc_if.o
LOAD ./USB_DEVICE/App/usbd_desc.o
LOAD ./USB_DEVICE/Target/usbd_conf.o
START GROUP
LOAD /Applications/ArmGNUToolchain/15.2.rel1/arm-none-eabi/bin/../lib/gcc/arm-none-eabi/15.2.1/../../../../arm-none-eabi/lib/thumb/v7e-m+fp/hard/libm.a
LOAD /Applications/ArmGNUToolchain/15.2.rel1/arm-none-eabi/bin/../lib/gcc/arm-none-eabi/15.2.1/../../../../arm-none-eabi/lib/thumb/v7e-m+fp/hard/libstdc++_nano.a
LOAD /Applications/ArmGNUToolchain/15.2.rel1/arm-none-eabi/bin/../lib/gcc/arm-none-eabi/15.2.1/../../../../arm-none-eabi/lib/thumb/v7e-m+fp/hard/libsupc++_nano.a
END GROUP
LOAD /Applications/ArmGNUToolchain/15.2.rel1/arm-none-eabi/bin/../lib/gcc/arm-none-eabi/15.2.1/../../../../arm-none-eabi/lib/thumb/v7e-m+fp/hard/libstdc++_nano.a
LOAD /Applications/ArmGNUToolchain/15.2.rel1/arm-none-eabi/bin/../lib/gcc/arm-none-eabi/15.2.1/../../../../arm-none-eabi/lib/thumb/v7e-m+fp/hard/libm.a
LOAD /Applications/ArmGNUToolchain/15.2.rel1/arm-none-eabi/bin/../lib/gcc/arm-none-eabi/15.2.1/../../../../arm-none-eabi/lib/thumb/v7e-m+fp/hard/libc_nano.a
START GROUP
LOAD /Applications/ArmGNUToolchain/15.2.rel1/arm-none-eabi/bin/../lib/gcc/arm-none-eabi/15.2.1/thumb/v7e-m+fp/hard/libgcc.a
LOAD /Applications/ArmGNUToolchain/15.2.rel1/arm-none-eabi/bin/../lib/gcc/arm-none-eabi/15.2.1/../../../../arm-none-eabi/lib/thumb/v7e-m+fp/hard/libc_nano.a
END GROUP
START GROUP
LOAD /Applications/ArmGNUToolchain/15.2.rel1/arm-none-eabi/bin/../lib/gcc/arm-none-eabi/15.2.1/thumb/v7e-m+fp/hard/libgcc.a
LOAD /Applications/ArmGNUToolchain/15.2.rel1/arm-none-eabi/bin/../lib/gcc/arm-none-eabi/15.2.1/../../../../arm-none-eabi/lib/thumb/v7e-m+fp/hard/libc_nano.a
LOAD /Applications/ArmGNUToolchain/15.2.rel1/arm-none-eabi/bin/../lib/gcc/arm-none-eabi/15.2.1/../../../../arm-none-eabi/lib/thumb/v7e-m+fp/hard/libnosys.a
END GROUP
START GROUP
LOAD /Applications/ArmGNUToolchain/15.2.rel1/arm-none-eabi/bin/../lib/gcc/arm-none-eabi/15.2.1/thumb/v7e-m+fp/hard/libgcc.a
LOAD /Applications/ArmGNUToolchain/15.2.rel1/arm-none-eabi/bin/../lib/gcc/arm-none-eabi/15.2.1/../../../../arm-none-eabi/lib/thumb/v7e-m+fp/hard/libc_nano.a
LOAD /Applications/ArmGNUToolchain/15.2.rel1/arm-none-eabi/bin/../lib/gcc/arm-none-eabi/15.2.1/../../../../arm-none-eabi/lib/thumb/v7e-m+fp/hard/libnosys.a
END GROUP
LOAD /Applications/ArmGNUToolchain/15.2.rel1/arm-none-eabi/bin/../lib/gcc/arm-none-eabi/15.2.1/thumb/v7e-m+fp/hard/crtend.o
LOAD /Applications/ArmGNUToolchain/15.2.rel1/arm-none-eabi/bin/../lib/gcc/arm-none-eabi/15.2.1/thumb/v7e-m+fp/hard/crtn.o
                0x20020000                        _estack = (ORIGIN (RAM) + LENGTH (RAM))
                0x00000200                        _Min_Heap_Size = 0x200
                0x00000400                        _Min_Stack_Size = 0x400

.isr_vector     0x08000000      0x188
                0x08000000                        . = ALIGN (0x4)
 *(.isr_vector)
 .isr_vector    0x08000000      0x188 ./Core/Startup/startup_stm32f405rgtx.o
                0x08000000                g_pfnVectors
                0x08000188                        . = ALIGN (0x4)

.text           0x08000190    0x1119c
                0x08000190                        . = ALIGN (0x4)
 *(.text)
 .text          0x08000190       0xa0 /Applications/ArmGNUToolchain/15.2.rel1/arm-none-eabi/bin/../lib/gcc/arm-none-eabi/15.2.1/../../../../arm-none-eabi/lib/thumb/v7e-m+fp/hard/libc_nano.a(libc_a-memchr.o)
                0x08000190                memchr
 .text          0x08000230       0x10 /Applications/ArmGNUToolchain/15.2.rel1/arm-none-eabi/bin/../lib/gcc/arm-none-eabi/15.2.1/../../../../arm-none-eabi/lib/thumb/v7e-m+fp/hard/libc_nano.a(libc_a-strlen.o)
                0x08000230                strlen
 .text          0x08000240      0x378 /Applications/ArmGNUToolchain/15.2.rel1/arm-none-eabi/bin/../lib/gcc/arm-none-eabi/15.2.1/thumb/v7e-m+fp/hard/libgcc.a(_arm_addsubdf3.o)
                0x08000240                __aeabi_drsub
                0x08000248                __subdf3
                0x08000248                __aeabi_dsub
                0x0800024c                __aeabi_dadd
                0x0800024c                __adddf3
                0x080004c4                __aeabi_ui2d
                0x080004c4                __floatunsidf
                0x080004e4                __floatsidf
                0x080004e4                __aeabi_i2d
                0x08000508                __extendsfdf2
                0x08000508                __aeabi_f2d
                0x0800054c                __aeabi_ul2d
                0x0800054c                __floatundidf
                0x0800055c                __aeabi_l2d
                0x0800055c                __floatdidf
 .text          0x080005b8      0x424 /Applications/ArmGNUToolchain/15.2.rel1/arm-none-eabi/bin/../lib/gcc/arm-none-eabi/15.2.1/thumb/v7e-m+fp/hard/libgcc.a(_arm_muldivdf3.o)
                0x080005b8                __aeabi_dmul
                0x080005b8                __muldf3
                0x0800080c                __aeabi_ddiv
                0x0800080c                __divdf3
 .text          0x080009dc      0x110 /Applications/ArmGNUToolchain/15.2.rel1/arm-none-eabi/bin/../lib/gcc/arm-none-eabi/15.2.1/thumb/v7e-m+fp/hard/libgcc.a(_arm_cmpdf2.o)
                0x080009dc                __gedf2
                0x080009dc                __gtdf2
                0x080009e4                __ledf2
                0x080009e4                __ltdf2
                0x080009ec                __cmpdf2
                0x080009ec                __eqdf2
                0x080009ec                __nedf2
                0x08000a68                __aeabi_cdrcmple
                0x08000a78                __aeabi_cdcmple
                0x08000a78                __aeabi_cdcmpeq
                0x08000a88                __aeabi_dcmpeq
                0x08000a9c                __aeabi_dcmplt
                0x08000ab0                __aeabi_dcmple
                0x08000ac4                __aeabi_dcmpge
                0x08000ad8                __aeabi_dcmpgt
 .text          0x08000aec       0x2c /Applications/ArmGNUToolchain/15.2.rel1/arm-none-eabi/bin/../lib/gcc/arm-none-eabi/15.2.1/thumb/v7e-m+fp/hard/libgcc.a(_arm_unorddf2.o)
                0x08000aec                __aeabi_dcmpun
                0x08000aec                __unorddf2
 .text          0x08000b18       0x50 /Applications/ArmGNUToolchain/15.2.rel1/arm-none-eabi/bin/../lib/gcc/arm-none-eabi/15.2.1/thumb/v7e-m+fp/hard/libgcc.a(_arm_fixdfsi.o)
                0x08000b18                __fixdfsi
                0x08000b18                __aeabi_d2iz
 .text          0x08000b68       0xa0 /Applications/ArmGNUToolchain/15.2.rel1/arm-none-eabi/bin/../lib/gcc/arm-none-eabi/15.2.1/thumb/v7e-m+fp/hard/libgcc.a(_arm_truncdfsf2.o)
                0x08000b68                __aeabi_d2f
                0x08000b68                __truncdfsf2
 .text          0x08000c08       0x30 /Applications/ArmGNUToolchain/15.2.rel1/arm-none-eabi/bin/../lib/gcc/arm-none-eabi/15.2.1/thumb/v7e-m+fp/hard/libgcc.a(_aeabi_uldivmod.o)
                0x08000c08                __aeabi_uldivmod
 .text          0x08000c38        0x4 /Applications/ArmGNUToolchain/15.2.rel1/arm-none-eabi/bin/../lib/gcc/arm-none-eabi/15.2.1/thumb/v7e-m+fp/hard/libgcc.a(_dvmd_tls.o)
                0x08000c38                __aeabi_ldiv0
                0x08000c38                __aeabi_idiv0
 *(.text*)
 .text.deregister_tm_clones
                0x08000c3c       0x1c /Applications/ArmGNUToolchain/15.2.rel1/arm-none-eabi/bin/../lib/gcc/arm-none-eabi/15.2.1/thumb/v7e-m+fp/hard/crtbegin.o
 .text.register_tm_clones
                0x08000c58       0x24 /Applications/ArmGNUToolchain/15.2.rel1/arm-none-eabi/bin/../lib/gcc/arm-none-eabi/15.2.1/thumb/v7e-m+fp/hard/crtbegin.o
 .text.__do_global_dtors_aux
                0x08000c7c       0x28 /Applications/ArmGNUToolchain/15.2.rel1/arm-none-eabi/bin/../lib/gcc/arm-none-eabi/15.2.1/thumb/v7e-m+fp/hard/crtbegin.o
 .text.frame_dummy
                0x08000ca4       0x24 /Applications/ArmGNUToolchain/15.2.rel1/arm-none-eabi/bin/../lib/gcc/arm-none-eabi/15.2.1/thumb/v7e-m+fp/hard/crtbegin.o
 .text._ZN13FilterOnePoleC2E11FILTER_TYPEffl
                0x08000cc8       0x34 ./Core/Src/Calcs/DSPFilters/src/FilterOnePole.o
                0x08000cc8                FilterOnePole::FilterOnePole(FILTER_TYPE, float, float, long)
                0x08000cc8                FilterOnePole::FilterOnePole(FILTER_TYPE, float, float, long)
 .text._ZN13FilterOnePole9setFilterE11FILTER_TYPEffl
                0x08000cfc       0x7c ./Core/Src/Calcs/DSPFilters/src/FilterOnePole.o
                0x08000cfc                FilterOnePole::setFilter(FILTER_TYPE, float, float, long)
 .text._ZN13FilterOnePole5inputEfl
                0x08000d78      0x154 ./Core/Src/Calcs/DSPFilters/src/FilterOnePole.o
                0x08000d78                FilterOnePole::input(float, long)
 *fill*         0x08000ecc        0x4 
 .text._ZN13FilterOnePole12setFrequencyEf
                0x08000ed0       0x5c ./Core/Src/Calcs/DSPFilters/src/FilterOnePole.o
                0x08000ed0                FilterOnePole::setFrequency(float)
 .text._ZN13FilterOnePole6setTauEf
                0x08000f2c       0x2c ./Core/Src/Calcs/DSPFilters/src/FilterOnePole.o
                0x08000f2c                FilterOnePole::setTau(float)
 .text._ZN13FilterOnePole6outputEv
                0x08000f58       0xe8 ./Core/Src/Calcs/DSPFilters/src/FilterOnePole.o
                0x08000f58                FilterOnePole::output()
 .text._ZSt4sqrtf
                0x08001040       0x20 ./Core/Src/Calcs/DSPFilters/src/RunningStatistics.o
                0x08001040                std::sqrt(float)
 .text._ZN8Kalman2dC2Eff
                0x08001060      0x208 ./Core/Src/Calcs/filters.o
                0x08001060                Kalman2d::Kalman2d(float, float)
                0x08001060                Kalman2d::Kalman2d(float, float)
 .text._ZN3BLA6MatrixILi2ELi2EfEC2IJdiiEEEfDpT_
                0x08001268       0x32 ./Core/Src/Calcs/filters.o
                0x08001268                BLA::Matrix<2, 2, float>::Matrix<double, int, int>(float, double, int, int)
                0x08001268                BLA::Matrix<2, 2, float>::Matrix<double, int, int>(float, double, int, int)
 .text._ZN3BLA6MatrixILi2ELi2EfEaSERKS1_
                0x0800129a       0x1c ./Core/Src/Calcs/filters.o
                0x0800129a                BLA::Matrix<2, 2, float>::operator=(BLA::Matrix<2, 2, float> const&)
 .text._ZN3BLA6MatrixILi2ELi1EfEC2IJdEEEfDpT_
                0x080012b6       0x2a ./Core/Src/Calcs/filters.o
                0x080012b6                BLA::Matrix<2, 1, float>::Matrix<double>(float, double)
                0x080012b6                BLA::Matrix<2, 1, float>::Matrix<double>(float, double)
 .text._ZN3BLA6MatrixILi2ELi1EfEaSERKS1_
                0x080012e0       0x1c ./Core/Src/Calcs/filters.o
                0x080012e0                BLA::Matrix<2, 1, float>::operator=(BLA::Matrix<2, 1, float> const&)
 .text._ZN3BLA6MatrixILi1ELi2EfEC2IJiEEEfDpT_
                0x080012fc       0x26 ./Core/Src/Calcs/filters.o
                0x080012fc                BLA::Matrix<1, 2, float>::Matrix<int>(float, int)
                0x080012fc                BLA::Matrix<1, 2, float>::Matrix<int>(float, int)
 .text._ZN3BLA6MatrixILi1ELi2EfEaSERKS1_
                0x08001322       0x1c ./Core/Src/Calcs/filters.o
                0x08001322                BLA::Matrix<1, 2, float>::operator=(BLA::Matrix<1, 2, float> const&)
 .text._ZN3BLA6MatrixILi2ELi2EfEC2IJiiiEEEfDpT_
                0x0800133e       0x30 ./Core/Src/Calcs/filters.o
                0x0800133e                BLA::Matrix<2, 2, float>::Matrix<int, int, int>(float, int, int, int)
                0x0800133e                BLA::Matrix<2, 2, float>::Matrix<int, int, int>(float, int, int, int)
 .text._ZN3BLA10MatrixBaseINS_6MatrixILi2ELi1EfEELi2ELi1EfEcoEv
                0x0800136e       0x1e ./Core/Src/Calcs/filters.o
                0x0800136e                BLA::MatrixBase<BLA::Matrix<2, 1, float>, 2, 1, float>::operator~()
 .text._ZN3BLAmlINS_6MatrixILi2ELi1EfEENS_15MatrixTransposeIS2_EELi2ELi1ELi2EfEENS1_IXT1_EXT3_ET4_EERKNS_10MatrixBaseIT_XT1_EXT2_ES5_EERKNS7_IT0_XT2_EXT3_ES5_EE
                0x0800138c       0xf4 ./Core/Src/Calcs/filters.o
                0x0800138c                BLA::Matrix<2, 2, float> BLA::operator*<BLA::Matrix<2, 1, float>, BLA::MatrixTranspose<BLA::Matrix<2, 1, float> >, 2, 1, 2, float>(BLA::MatrixBase<BLA::Matrix<2, 1, float>, 2, 1, float> const&, BLA::MatrixBase<BLA::MatrixTranspose<BLA::Matrix<2, 1, float> >, 1, 2, float> const&)
 .text._ZN3BLAmlINS_6MatrixILi2ELi2EfEELi2ELi2EfEENS1_IXT0_EXT1_ET2_EERKNS_10MatrixBaseIT_XT0_EXT1_ES3_EES3_
                0x08001480       0x62 ./Core/Src/Calcs/filters.o
                0x08001480                BLA::Matrix<2, 2, float> BLA::operator*<BLA::Matrix<2, 2, float>, 2, 2, float>(BLA::MatrixBase<BLA::Matrix<2, 2, float>, 2, 2, float> const&, float)
 .text._ZN3BLA6MatrixILi1ELi1EfEC2IJEEEfDpT_
                0x080014e2       0x22 ./Core/Src/Calcs/filters.o
                0x080014e2                BLA::Matrix<1, 1, float>::Matrix<>(float)
                0x080014e2                BLA::Matrix<1, 1, float>::Matrix<>(float)
 .text._ZN3BLA6MatrixILi1ELi1EfEaSERKS1_
                0x08001504       0x1c ./Core/Src/Calcs/filters.o
                0x08001504                BLA::Matrix<1, 1, float>::operator=(BLA::Matrix<1, 1, float> const&)
 .text._ZN3BLA6MatrixILi2ELi1EfEC2IJiEEEfDpT_
                0x08001520       0x26 ./Core/Src/Calcs/filters.o
                0x08001520                BLA::Matrix<2, 1, float>::Matrix<int>(float, int)
                0x08001520                BLA::Matrix<2, 1, float>::Matrix<int>(float, int)
 .text._ZN3BLA6MatrixILi2ELi1EfEclEii
                0x08001546       0x22 ./Core/Src/Calcs/filters.o
                0x08001546                BLA::Matrix<2, 1, float>::operator()(int, int)
 .text._ZN3BLA6MatrixILi2ELi2EfE12FillRowMajorIJdiiEEEvifDpT_
                0x08001568       0x62 ./Core/Src/Calcs/filters.o
                0x08001568                void BLA::Matrix<2, 2, float>::FillRowMajor<double, int, int>(int, float, double, int, int)
 .text._ZN3BLA10MatrixBaseINS_6MatrixILi2ELi2EfEELi2ELi2EfEaSERKS3_
                0x080015ca       0x56 ./Core/Src/Calcs/filters.o
                0x080015ca                BLA::MatrixBase<BLA::Matrix<2, 2, float>, 2, 2, float>::operator=(BLA::MatrixBase<BLA::Matrix<2, 2, float>, 2, 2, float> const&)
 .text._ZN3BLA6MatrixILi2ELi1EfE12FillRowMajorIJdEEEvifDpT_
                0x08001620       0x46 ./Core/Src/Calcs/filters.o
                0x08001620                void BLA::Matrix<2, 1, float>::FillRowMajor<double>(int, float, double)
 .text._ZN3BLA10MatrixBaseINS_6MatrixILi2ELi1EfEELi2ELi1EfEaSERKS3_
                0x08001666       0x56 ./Core/Src/Calcs/filters.o
                0x08001666                BLA::MatrixBase<BLA::Matrix<2, 1, float>, 2, 1, float>::operator=(BLA::MatrixBase<BLA::Matrix<2, 1, float>, 2, 1, float> const&)
 .text._ZN3BLA6MatrixILi1ELi2EfE12FillRowMajorIJiEEEvifDpT_
                0x080016bc       0x58 ./Core/Src/Calcs/filters.o
                0x080016bc                void BLA::Matrix<1, 2, float>::FillRowMajor<int>(int, float, int)
 .text._ZN3BLA10MatrixBaseINS_6MatrixILi1ELi2EfEELi1ELi2EfEaSERKS3_
                0x08001714       0x56 ./Core/Src/Calcs/filters.o
                0x08001714                BLA::MatrixBase<BLA::Matrix<1, 2, float>, 1, 2, float>::operator=(BLA::MatrixBase<BLA::Matrix<1, 2, float>, 1, 2, float> const&)
 .text._ZN3BLA6MatrixILi2ELi2EfE12FillRowMajorIJiiiEEEvifDpT_
                0x0800176a       0x5e ./Core/Src/Calcs/filters.o
                0x0800176a                void BLA::Matrix<2, 2, float>::FillRowMajor<int, int, int>(int, float, int, int, int)
 .text._ZN3BLA15MatrixTransposeINS_6MatrixILi2ELi1EfEEEC2ERS2_
                0x080017c8       0x1c ./Core/Src/Calcs/filters.o
                0x080017c8                BLA::MatrixTranspose<BLA::Matrix<2, 1, float> >::MatrixTranspose(BLA::Matrix<2, 1, float>&)
                0x080017c8                BLA::MatrixTranspose<BLA::Matrix<2, 1, float> >::MatrixTranspose(BLA::Matrix<2, 1, float>&)
 .text._ZN3BLA6MatrixILi2ELi2EfEclEii
                0x080017e4       0x24 ./Core/Src/Calcs/filters.o
                0x080017e4                BLA::Matrix<2, 2, float>::operator()(int, int)
 .text._ZNK3BLA10MatrixBaseINS_6MatrixILi2ELi1EfEELi2ELi1EfEclEii
                0x08001808       0x24 ./Core/Src/Calcs/filters.o
                0x08001808                BLA::MatrixBase<BLA::Matrix<2, 1, float>, 2, 1, float>::operator()(int, int) const
 .text._ZNK3BLA10MatrixBaseINS_15MatrixTransposeINS_6MatrixILi2ELi1EfEEEELi1ELi2EfEclEii
                0x0800182c       0x24 ./Core/Src/Calcs/filters.o
                0x0800182c                BLA::MatrixBase<BLA::MatrixTranspose<BLA::Matrix<2, 1, float> >, 1, 2, float>::operator()(int, int) const
 .text._ZN3BLA6MatrixILi2ELi2EfEC2IS1_EERKNS_10MatrixBaseIT_Li2ELi2EfEE
                0x08001850       0x1c ./Core/Src/Calcs/filters.o
                0x08001850                BLA::Matrix<2, 2, float>::Matrix<BLA::Matrix<2, 2, float> >(BLA::MatrixBase<BLA::Matrix<2, 2, float>, 2, 2, float> const&)
                0x08001850                BLA::Matrix<2, 2, float>::Matrix<BLA::Matrix<2, 2, float> >(BLA::MatrixBase<BLA::Matrix<2, 2, float>, 2, 2, float> const&)
 .text._ZN3BLAmLINS_6MatrixILi2ELi2EfEELi2ELi2EfEERNS_10MatrixBaseIT_XT0_EXT1_ET2_EES7_S5_
                0x0800186c       0x56 ./Core/Src/Calcs/filters.o
                0x0800186c                BLA::MatrixBase<BLA::Matrix<2, 2, float>, 2, 2, float>& BLA::operator*=<BLA::Matrix<2, 2, float>, 2, 2, float>(BLA::MatrixBase<BLA::Matrix<2, 2, float>, 2, 2, float>&, float)
 .text._ZN3BLA6MatrixILi1ELi1EfE12FillRowMajorIJEEEvifDpT_
                0x080018c2       0x34 ./Core/Src/Calcs/filters.o
                0x080018c2                void BLA::Matrix<1, 1, float>::FillRowMajor<>(int, float)
 .text._ZN3BLA10MatrixBaseINS_6MatrixILi1ELi1EfEELi1ELi1EfEaSERKS3_
                0x080018f6       0x56 ./Core/Src/Calcs/filters.o
                0x080018f6                BLA::MatrixBase<BLA::Matrix<1, 1, float>, 1, 1, float>::operator=(BLA::MatrixBase<BLA::Matrix<1, 1, float>, 1, 1, float> const&)
 .text._ZN3BLA6MatrixILi2ELi1EfE12FillRowMajorIJiEEEvifDpT_
                0x0800194c       0x44 ./Core/Src/Calcs/filters.o
                0x0800194c                void BLA::Matrix<2, 1, float>::FillRowMajor<int>(int, float, int)
 .text._ZNK3BLA10MatrixBaseINS_6MatrixILi2ELi2EfEELi2ELi2EfEclEii
                0x08001990       0x24 ./Core/Src/Calcs/filters.o
                0x08001990                BLA::MatrixBase<BLA::Matrix<2, 2, float>, 2, 2, float>::operator()(int, int) const
 .text._ZNK3BLA10MatrixBaseINS_6MatrixILi1ELi1EfEELi1ELi1EfEclEii
                0x080019b4       0x24 ./Core/Src/Calcs/filters.o
                0x080019b4                BLA::MatrixBase<BLA::Matrix<1, 1, float>, 1, 1, float>::operator()(int, int) const
 .text._ZN3BLA6MatrixILi1ELi2EfEclEii
                0x080019d8       0x24 ./Core/Src/Calcs/filters.o
                0x080019d8                BLA::Matrix<1, 2, float>::operator()(int, int)
 .text._ZNK3BLA10MatrixBaseINS_6MatrixILi1ELi2EfEELi1ELi2EfEclEii
                0x080019fc       0x24 ./Core/Src/Calcs/filters.o
                0x080019fc                BLA::MatrixBase<BLA::Matrix<1, 2, float>, 1, 2, float>::operator()(int, int) const
 .text._ZN3BLA6MatrixILi1ELi1EfEclEii
                0x08001a20       0x22 ./Core/Src/Calcs/filters.o
                0x08001a20                BLA::Matrix<1, 1, float>::operator()(int, int)
 .text._ZN3BLA6MatrixILi2ELi2EfE12FillRowMajorIJiiEEEvifDpT_
                0x08001a42       0x5c ./Core/Src/Calcs/filters.o
                0x08001a42                void BLA::Matrix<2, 2, float>::FillRowMajor<int, int>(int, float, int, int)
 .text._ZN3BLA6MatrixILi2ELi1EfE12FillRowMajorIJEEEvifDpT_
                0x08001a9e       0x34 ./Core/Src/Calcs/filters.o
                0x08001a9e                void BLA::Matrix<2, 1, float>::FillRowMajor<>(int, float)
 .text._ZN3BLA6MatrixILi1ELi2EfE12FillRowMajorIJEEEvifDpT_
                0x08001ad2       0x48 ./Core/Src/Calcs/filters.o
                0x08001ad2                void BLA::Matrix<1, 2, float>::FillRowMajor<>(int, float)
 .text._ZNK3BLA6MatrixILi2ELi1EfEclEii
                0x08001b1a       0x2a ./Core/Src/Calcs/filters.o
                0x08001b1a                BLA::Matrix<2, 1, float>::operator()(int, int) const
 .text._ZNK3BLA15MatrixTransposeINS_6MatrixILi2ELi1EfEEEclEii
                0x08001b44       0x2c ./Core/Src/Calcs/filters.o
                0x08001b44                BLA::MatrixTranspose<BLA::Matrix<2, 1, float> >::operator()(int, int) const
 .text._ZN3BLA10MatrixBaseINS_6MatrixILi2ELi2EfEELi2ELi2EfEclEii
                0x08001b70       0x20 ./Core/Src/Calcs/filters.o
                0x08001b70                BLA::MatrixBase<BLA::Matrix<2, 2, float>, 2, 2, float>::operator()(int, int)
 .text._ZN3BLA6MatrixILi1ELi1EfE12FillRowMajorEi
                0x08001b90       0x38 ./Core/Src/Calcs/filters.o
                0x08001b90                BLA::Matrix<1, 1, float>::FillRowMajor(int)
 .text._ZNK3BLA6MatrixILi2ELi2EfEclEii
                0x08001bc8       0x2c ./Core/Src/Calcs/filters.o
                0x08001bc8                BLA::Matrix<2, 2, float>::operator()(int, int) const
 .text._ZNK3BLA6MatrixILi1ELi1EfEclEii
                0x08001bf4       0x2a ./Core/Src/Calcs/filters.o
                0x08001bf4                BLA::Matrix<1, 1, float>::operator()(int, int) const
 .text._ZNK3BLA6MatrixILi1ELi2EfEclEii
                0x08001c1e       0x2c ./Core/Src/Calcs/filters.o
                0x08001c1e                BLA::Matrix<1, 2, float>::operator()(int, int) const
 .text._ZN3BLA6MatrixILi2ELi2EfE12FillRowMajorIJiEEEvifDpT_
                0x08001c4a       0x58 ./Core/Src/Calcs/filters.o
                0x08001c4a                void BLA::Matrix<2, 2, float>::FillRowMajor<int>(int, float, int)
 .text._ZN3BLA6MatrixILi2ELi1EfE12FillRowMajorEi
                0x08001ca2       0x38 ./Core/Src/Calcs/filters.o
                0x08001ca2                BLA::Matrix<2, 1, float>::FillRowMajor(int)
 .text._ZN3BLA6MatrixILi1ELi2EfE12FillRowMajorEi
                0x08001cda       0x4c ./Core/Src/Calcs/filters.o
                0x08001cda                BLA::Matrix<1, 2, float>::FillRowMajor(int)
 .text._ZN3BLA6MatrixILi2ELi2EfE12FillRowMajorIJEEEvifDpT_
                0x08001d26       0x48 ./Core/Src/Calcs/filters.o
                0x08001d26                void BLA::Matrix<2, 2, float>::FillRowMajor<>(int, float)
 .text._ZN3BLA6MatrixILi2ELi2EfE12FillRowMajorEi
                0x08001d6e       0x4c ./Core/Src/Calcs/filters.o
                0x08001d6e                BLA::Matrix<2, 2, float>::FillRowMajor(int)
 *fill*         0x08001dba        0x2 
 .text._Z17getRemoteCommandsPh
                0x08001dbc       0x9c ./Core/Src/Comms/ble.o
                0x08001dbc                getRemoteCommands(unsigned char*)
 .text._Z41__static_initialization_and_destruction_0v
                0x08001e58       0x1c ./Core/Src/Comms/hc-06.o
 .text._GLOBAL__sub_I_btReading
                0x08001e74        0xa ./Core/Src/Comms/hc-06.o
 *fill*         0x08001e7e        0x2 
 .text.HAL_UART_RxCpltCallback
                0x08001e80       0x60 ./Core/Src/Drone/drone.o
                0x08001e80                HAL_UART_RxCpltCallback
 .text.HAL_TIM_PeriodElapsedCallback
                0x08001ee0       0x2c ./Core/Src/Drone/drone.o
                0x08001ee0                HAL_TIM_PeriodElapsedCallback
 .text._Z3runv  0x08001f0c       0x40 ./Core/Src/Drone/drone.o
                0x08001f0c                run()
 .text._ZSt4atanf
                0x08001f4c       0x20 ./Core/Src/Sensors/Gyro.o
                0x08001f4c                std::atan(float)
 .text._ZSt5atan2ff
                0x08001f6c       0x28 ./Core/Src/Sensors/Gyro.o
                0x08001f6c                std::atan2(float, float)
 .text._ZN4GyroC2Ev
                0x08001f94      0x104 ./Core/Src/Sensors/Gyro.o
                0x08001f94                Gyro::Gyro()
                0x08001f94                Gyro::Gyro()
 .text._ZN4Gyro13accelReadDataEv
                0x08002098      0x118 ./Core/Src/Sensors/Gyro.o
                0x08002098                Gyro::accelReadData()
 .text._ZN4Gyro10updateDataEf
                0x080021b0       0x24 ./Core/Src/Sensors/Gyro.o
                0x080021b0                Gyro::updateData(float)
 *fill*         0x080021d4        0x4 
 .text._ZN4Gyro14processRawDataEf
                0x080021d8      0x7c0 ./Core/Src/Sensors/Gyro.o
                0x080021d8                Gyro::processRawData(float)
 .text._ZN6MTF02P15micolink_decodeEh
                0x08002998       0x5e ./Core/Src/Sensors/mtp02p.o
                0x08002998                MTF02P::micolink_decode(unsigned char)
 .text._ZN6MTF02P18micolink_check_sumEP14MICOLINK_MSG_t
                0x080029f6       0x7a ./Core/Src/Sensors/mtp02p.o
                0x080029f6                MTF02P::micolink_check_sum(MICOLINK_MSG_t*)
 .text._ZN6MTF02P19micolink_parse_charEP14MICOLINK_MSG_th
                0x08002a70      0x1a6 ./Core/Src/Sensors/mtp02p.o
                0x08002a70                MTF02P::micolink_parse_char(MICOLINK_MSG_t*, unsigned char)
 .text._ZN6MTF02PC2Ev
                0x08002c16       0x46 ./Core/Src/Sensors/mtp02p.o
                0x08002c16                MTF02P::MTF02P()
                0x08002c16                MTF02P::MTF02P()
 .text._ZN6MTF02P6updateEh
                0x08002c5c       0x1e ./Core/Src/Sensors/mtp02p.o
                0x08002c5c                MTF02P::update(unsigned char)
 *fill*         0x08002c7a        0x2 
 .text._ZN6MTF02P10calibrateXEff
                0x08002c7c       0xec ./Core/Src/Sensors/mtp02p.o
                0x08002c7c                MTF02P::calibrateX(float, float)
 .text._ZN9EstimatorC2Ev
                0x08002d68      0x138 ./Core/Src/globals.o
                0x08002d68                Estimator::Estimator()
                0x08002d68                Estimator::Estimator()
 .text._Z41__static_initialization_and_destruction_0v
                0x08002ea0       0x28 ./Core/Src/globals.o
 .text._GLOBAL__sub_I_stm32Handlers
                0x08002ec8        0xa ./Core/Src/globals.o
 *fill*         0x08002ed2        0x2 
 .text.main     0x08002ed4       0x84 ./Core/Src/main.o
                0x08002ed4                main
 .text._Z18SystemClock_Configv
                0x08002f58       0xe8 ./Core/Src/main.o
                0x08002f58                SystemClock_Config()
 .text._ZL12MX_SPI1_Initv
                0x08003040       0x78 ./Core/Src/main.o
 .text._ZL12MX_TIM2_Initv
                0x080030b8       0xb8 ./Core/Src/main.o
 .text._ZL12MX_TIM3_Initv
                0x08003170       0xf0 ./Core/Src/main.o
 .text._ZL12MX_TIM4_Initv
                0x08003260       0xf0 ./Core/Src/main.o
 .text._ZL13MX_UART4_Initv
                0x08003350       0x5c ./Core/Src/main.o
 .text._ZL13MX_UART5_Initv
                0x080033ac       0x5c ./Core/Src/main.o
 .text._ZL19MX_USART3_UART_Initv
                0x08003408       0x5c ./Core/Src/main.o
 .text._ZL12MX_GPIO_Initv
                0x08003464      0x124 ./Core/Src/main.o
 .text.Error_Handler
                0x08003588        0xc ./Core/Src/main.o
                0x08003588                Error_Handler
 .text._Z41__static_initialization_and_destruction_0v
                0x08003594       0x5c ./Core/Src/pid.o
 .text._GLOBAL__sub_I_lpFilterRollRate
                0x080035f0        0xa ./Core/Src/pid.o
 *fill*         0x080035fa        0x2 
 .text.HAL_MspInit
                0x080035fc       0x4c ./Core/Src/stm32f4xx_hal_msp.o
                0x080035fc                HAL_MspInit
 .text.HAL_SPI_MspInit
                0x08003648       0x90 ./Core/Src/stm32f4xx_hal_msp.o
                0x08003648                HAL_SPI_MspInit
 .text.HAL_TIM_Base_MspInit
                0x080036d8       0x4c ./Core/Src/stm32f4xx_hal_msp.o
                0x080036d8                HAL_TIM_Base_MspInit
 .text.HAL_TIM_PWM_MspInit
                0x08003724       0x6c ./Core/Src/stm32f4xx_hal_msp.o
                0x08003724                HAL_TIM_PWM_MspInit
 .text.HAL_TIM_MspPostInit
                0x08003790       0xc0 ./Core/Src/stm32f4xx_hal_msp.o
                0x08003790                HAL_TIM_MspPostInit
 .text.HAL_UART_MspInit
                0x08003850      0x1c8 ./Core/Src/stm32f4xx_hal_msp.o
                0x08003850                HAL_UART_MspInit
 .text.NMI_Handler
                0x08003a18        0x8 ./Core/Src/stm32f4xx_it.o
                0x08003a18                NMI_Handler
 .text.HardFault_Handler
                0x08003a20        0x8 ./Core/Src/stm32f4xx_it.o
                0x08003a20                HardFault_Handler
 .text.MemManage_Handler
                0x08003a28        0x8 ./Core/Src/stm32f4xx_it.o
                0x08003a28                MemManage_Handler
 .text.BusFault_Handler
                0x08003a30        0x8 ./Core/Src/stm32f4xx_it.o
                0x08003a30                BusFault_Handler
 .text.UsageFault_Handler
                0x08003a38        0x8 ./Core/Src/stm32f4xx_it.o
                0x08003a38                UsageFault_Handler
 .text.SVC_Handler
                0x08003a40        0xc ./Core/Src/stm32f4xx_it.o
                0x08003a40                SVC_Handler
 .text.DebugMon_Handler
                0x08003a4c        0xc ./Core/Src/stm32f4xx_it.o
                0x08003a4c                DebugMon_Handler
 .text.PendSV_Handler
                0x08003a58        0xc ./Core/Src/stm32f4xx_it.o
                0x08003a58                PendSV_Handler
 .text.SysTick_Handler
                0x08003a64        0xc ./Core/Src/stm32f4xx_it.o
                0x08003a64                SysTick_Handler
 .text.TIM2_IRQHandler
                0x08003a70       0x14 ./Core/Src/stm32f4xx_it.o
                0x08003a70                TIM2_IRQHandler
 .text.USART3_IRQHandler
                0x08003a84       0x14 ./Core/Src/stm32f4xx_it.o
                0x08003a84                USART3_IRQHandler
 .text.UART4_IRQHandler
                0x08003a98       0x14 ./Core/Src/stm32f4xx_it.o
                0x08003a98                UART4_IRQHandler
 .text.OTG_FS_IRQHandler
                0x08003aac       0x14 ./Core/Src/stm32f4xx_it.o
                0x08003aac                OTG_FS_IRQHandler
 .text._getpid  0x08003ac0        0xe ./Core/Src/syscalls.o
                0x08003ac0                _getpid
 .text._kill    0x08003ace       0x20 ./Core/Src/syscalls.o
                0x08003ace                _kill
 .text._exit    0x08003aee       0x16 ./Core/Src/syscalls.o
                0x08003aee                _exit
 .text._read    0x08003b04       0x3a ./Core/Src/syscalls.o
                0x08003b04                _read
 .text._close   0x08003b3e       0x16 ./Core/Src/syscalls.o
                0x08003b3e                _close
 .text._fstat   0x08003b54       0x1e ./Core/Src/syscalls.o
                0x08003b54                _fstat
 .text._isatty  0x08003b72       0x14 ./Core/Src/syscalls.o
                0x08003b72                _isatty
 .text._lseek   0x08003b86       0x18 ./Core/Src/syscalls.o
                0x08003b86                _lseek
 *fill*         0x08003b9e        0x2 
 .text._sbrk    0x08003ba0       0x6c ./Core/Src/sysmem.o
                0x08003ba0                _sbrk
 .text.SystemInit
                0x08003c0c       0x20 ./Core/Src/system_stm32f4xx.o
                0x08003c0c                SystemInit
 .text.Reset_Handler
                0x08003c2c       0x50 ./Core/Startup/startup_stm32f405rgtx.o
                0x08003c2c                Reset_Handler
 .text.Default_Handler
                0x08003c7c        0x2 ./Core/Startup/startup_stm32f405rgtx.o
                0x08003c7c                DMA1_Stream3_IRQHandler
                0x08003c7c                HASH_RNG_IRQHandler
                0x08003c7c                EXTI2_IRQHandler
                0x08003c7c                TIM8_CC_IRQHandler
                0x08003c7c                TIM1_CC_IRQHandler
                0x08003c7c                DMA2_Stream5_IRQHandler
                0x08003c7c                DMA1_Stream5_IRQHandler
                0x08003c7c                PVD_IRQHandler
                0x08003c7c                SDIO_IRQHandler
                0x08003c7c                TAMP_STAMP_IRQHandler
                0x08003c7c                CAN2_RX1_IRQHandler
                0x08003c7c                EXTI3_IRQHandler
                0x08003c7c                TIM8_TRG_COM_TIM14_IRQHandler
                0x08003c7c                TIM1_UP_TIM10_IRQHandler
                0x08003c7c                TIM8_UP_TIM13_IRQHandler
                0x08003c7c                I2C3_ER_IRQHandler
                0x08003c7c                EXTI0_IRQHandler
                0x08003c7c                I2C2_EV_IRQHandler
                0x08003c7c                DMA1_Stream2_IRQHandler
                0x08003c7c                CAN1_RX0_IRQHandler
                0x08003c7c                FPU_IRQHandler
                0x08003c7c                OTG_HS_WKUP_IRQHandler
                0x08003c7c                CAN2_SCE_IRQHandler
                0x08003c7c                DMA2_Stream2_IRQHandler
                0x08003c7c                SPI1_IRQHandler
                0x08003c7c                TIM6_DAC_IRQHandler
                0x08003c7c                TIM1_BRK_TIM9_IRQHandler
                0x08003c7c                CAN2_RX0_IRQHandler
                0x08003c7c                DMA2_Stream3_IRQHandler
                0x08003c7c                USART6_IRQHandler
                0x08003c7c                CAN1_RX1_IRQHandler
                0x08003c7c                UART5_IRQHandler
                0x08003c7c                DMA2_Stream0_IRQHandler
                0x08003c7c                TIM4_IRQHandler
                0x08003c7c                I2C1_EV_IRQHandler
                0x08003c7c                DMA1_Stream6_IRQHandler
                0x08003c7c                DMA1_Stream1_IRQHandler
                0x08003c7c                TIM3_IRQHandler
                0x08003c7c                RCC_IRQHandler
                0x08003c7c                TIM8_BRK_TIM12_IRQHandler
                0x08003c7c                Default_Handler
                0x08003c7c                EXTI15_10_IRQHandler
                0x08003c7c                ADC_IRQHandler
                0x08003c7c                DMA1_Stream7_IRQHandler
                0x08003c7c                TIM7_IRQHandler
                0x08003c7c                CAN2_TX_IRQHandler
                0x08003c7c                TIM5_IRQHandler
                0x08003c7c                DMA2_Stream7_IRQHandler
                0x08003c7c                I2C3_EV_IRQHandler
                0x08003c7c                EXTI9_5_IRQHandler
                0x08003c7c                RTC_WKUP_IRQHandler
                0x08003c7c                SPI2_IRQHandler
                0x08003c7c                OTG_HS_EP1_IN_IRQHandler
                0x08003c7c                DMA1_Stream0_IRQHandler
                0x08003c7c                CAN1_TX_IRQHandler
                0x08003c7c                EXTI4_IRQHandler
                0x08003c7c                FSMC_IRQHandler
                0x08003c7c                OTG_HS_EP1_OUT_IRQHandler
                0x08003c7c                WWDG_IRQHandler
                0x08003c7c                OTG_FS_WKUP_IRQHandler
                0x08003c7c                TIM1_TRG_COM_TIM11_IRQHandler
                0x08003c7c                OTG_HS_IRQHandler
                0x08003c7c                EXTI1_IRQHandler
                0x08003c7c                USART2_IRQHandler
                0x08003c7c                I2C2_ER_IRQHandler
                0x08003c7c                DMA2_Stream1_IRQHandler
                0x08003c7c                CAN1_SCE_IRQHandler
                0x08003c7c                FLASH_IRQHandler
                0x08003c7c                DMA2_Stream4_IRQHandler
                0x08003c7c                USART1_IRQHandler
                0x08003c7c                SPI3_IRQHandler
                0x08003c7c                DMA1_Stream4_IRQHandler
                0x08003c7c                I2C1_ER_IRQHandler
                0x08003c7c                DMA2_Stream6_IRQHandler
                0x08003c7c                RTC_Alarm_IRQHandler
 *fill*         0x08003c7e        0x2 
 .text.HAL_Init
                0x08003c80       0x44 ./Drivers/STM32F4xx_HAL_Driver/Src/stm32f4xx_hal.o
                0x08003c80                HAL_Init
 .text.HAL_InitTick
                0x08003cc4       0x60 ./Drivers/STM32F4xx_HAL_Driver/Src/stm32f4xx_hal.o
                0x08003cc4                HAL_InitTick
 .text.HAL_IncTick
                0x08003d24       0x24 ./Drivers/STM32F4xx_HAL_Driver/Src/stm32f4xx_hal.o
                0x08003d24                HAL_IncTick
 .text.HAL_GetTick
                0x08003d48       0x14 ./Drivers/STM32F4xx_HAL_Driver/Src/stm32f4xx_hal.o
                0x08003d48                HAL_GetTick
 .text.HAL_Delay
                0x08003d5c       0x48 ./Drivers/STM32F4xx_HAL_Driver/Src/stm32f4xx_hal.o
                0x08003d5c                HAL_Delay
 .text.__NVIC_SetPriorityGrouping
                0x08003da4       0x48 ./Drivers/STM32F4xx_HAL_Driver/Src/stm32f4xx_hal_cortex.o
 .text.__NVIC_GetPriorityGrouping
                0x08003dec       0x1c ./Drivers/STM32F4xx_HAL_Driver/Src/stm32f4xx_hal_cortex.o
 .text.__NVIC_EnableIRQ
                0x08003e08       0x38 ./Drivers/STM32F4xx_HAL_Driver/Src/stm32f4xx_hal_cortex.o
 .text.__NVIC_SetPriority
                0x08003e40       0x54 ./Drivers/STM32F4xx_HAL_Driver/Src/stm32f4xx_hal_cortex.o
 .text.NVIC_EncodePriority
                0x08003e94       0x6e ./Drivers/STM32F4xx_HAL_Driver/Src/stm32f4xx_hal_cortex.o
 *fill*         0x08003f02        0x2 
 .text.SysTick_Config
                0x08003f04       0x44 ./Drivers/STM32F4xx_HAL_Driver/Src/stm32f4xx_hal_cortex.o
 .text.HAL_NVIC_SetPriorityGrouping
                0x08003f48       0x16 ./Drivers/STM32F4xx_HAL_Driver/Src/stm32f4xx_hal_cortex.o
                0x08003f48                HAL_NVIC_SetPriorityGrouping
 .text.HAL_NVIC_SetPriority
                0x08003f5e       0x38 ./Drivers/STM32F4xx_HAL_Driver/Src/stm32f4xx_hal_cortex.o
                0x08003f5e                HAL_NVIC_SetPriority
 .text.HAL_NVIC_EnableIRQ
                0x08003f96       0x1c ./Drivers/STM32F4xx_HAL_Driver/Src/stm32f4xx_hal_cortex.o
                0x08003f96                HAL_NVIC_EnableIRQ
 .text.HAL_SYSTICK_Config
                0x08003fb2       0x18 ./Drivers/STM32F4xx_HAL_Driver/Src/stm32f4xx_hal_cortex.o
                0x08003fb2                HAL_SYSTICK_Config
 .text.HAL_DMA_Abort
                0x08003fca       0xe0 ./Drivers/STM32F4xx_HAL_Driver/Src/stm32f4xx_hal_dma.o
                0x08003fca                HAL_DMA_Abort
 .text.HAL_DMA_Abort_IT
                0x080040aa       0x42 ./Drivers/STM32F4xx_HAL_Driver/Src/stm32f4xx_hal_dma.o
                0x080040aa                HAL_DMA_Abort_IT
 .text.HAL_GPIO_Init
                0x080040ec      0x334 ./Drivers/STM32F4xx_HAL_Driver/Src/stm32f4xx_hal_gpio.o
                0x080040ec                HAL_GPIO_Init
 .text.HAL_GPIO_WritePin
                0x08004420       0x30 ./Drivers/STM32F4xx_HAL_Driver/Src/stm32f4xx_hal_gpio.o
                0x08004420                HAL_GPIO_WritePin
 .text.HAL_PCD_Init
                0x08004450      0x21e ./Drivers/STM32F4xx_HAL_Driver/Src/stm32f4xx_hal_pcd.o
                0x08004450                HAL_PCD_Init
 .text.HAL_PCD_Start
                0x0800466e       0x6a ./Drivers/STM32F4xx_HAL_Driver/Src/stm32f4xx_hal_pcd.o
                0x0800466e                HAL_PCD_Start
 .text.HAL_PCD_IRQHandler
                0x080046d8      0x942 ./Drivers/STM32F4xx_HAL_Driver/Src/stm32f4xx_hal_pcd.o
                0x080046d8                HAL_PCD_IRQHandler
 .text.HAL_PCD_SetAddress
                0x0800501a       0x48 ./Drivers/STM32F4xx_HAL_Driver/Src/stm32f4xx_hal_pcd.o
                0x0800501a                HAL_PCD_SetAddress
 .text.HAL_PCD_EP_Open
                0x08005062       0xd4 ./Drivers/STM32F4xx_HAL_Driver/Src/stm32f4xx_hal_pcd.o
                0x08005062                HAL_PCD_EP_Open
 .text.HAL_PCD_EP_Close
                0x08005136       0x94 ./Drivers/STM32F4xx_HAL_Driver/Src/stm32f4xx_hal_pcd.o
                0x08005136                HAL_PCD_EP_Close
 .text.HAL_PCD_EP_Receive
                0x080051ca       0x76 ./Drivers/STM32F4xx_HAL_Driver/Src/stm32f4xx_hal_pcd.o
                0x080051ca                HAL_PCD_EP_Receive
 .text.HAL_PCD_EP_GetRxCount
                0x08005240       0x2e ./Drivers/STM32F4xx_HAL_Driver/Src/stm32f4xx_hal_pcd.o
                0x08005240                HAL_PCD_EP_GetRxCount
 .text.HAL_PCD_EP_Transmit
                0x0800526e       0x74 ./Drivers/STM32F4xx_HAL_Driver/Src/stm32f4xx_hal_pcd.o
                0x0800526e                HAL_PCD_EP_Transmit
 .text.HAL_PCD_EP_SetStall
                0x080052e2       0xc6 ./Drivers/STM32F4xx_HAL_Driver/Src/stm32f4xx_hal_pcd.o
                0x080052e2                HAL_PCD_EP_SetStall
 .text.HAL_PCD_EP_ClrStall
                0x080053a8       0xac ./Drivers/STM32F4xx_HAL_Driver/Src/stm32f4xx_hal_pcd.o
                0x080053a8                HAL_PCD_EP_ClrStall
 .text.HAL_PCD_EP_Abort
                0x08005454       0x62 ./Drivers/STM32F4xx_HAL_Driver/Src/stm32f4xx_hal_pcd.o
                0x08005454                HAL_PCD_EP_Abort
 .text.PCD_WriteEmptyTxFifo
                0x080054b6      0x118 ./Drivers/STM32F4xx_HAL_Driver/Src/stm32f4xx_hal_pcd.o
 *fill*         0x080055ce        0x2 
 .text.PCD_EP_OutXfrComplete_int
                0x080055d0      0x1d0 ./Drivers/STM32F4xx_HAL_Driver/Src/stm32f4xx_hal_pcd.o
 .text.PCD_EP_OutSetupPacket_int
                0x080057a0       0x8c ./Drivers/STM32F4xx_HAL_Driver/Src/stm32f4xx_hal_pcd.o
 .text.HAL_PCDEx_SetTxFiFo
                0x0800582c       0x8c ./Drivers/STM32F4xx_HAL_Driver/Src/stm32f4xx_hal_pcd_ex.o
                0x0800582c                HAL_PCDEx_SetTxFiFo
 .text.HAL_PCDEx_SetRxFiFo
                0x080058b8       0x20 ./Drivers/STM32F4xx_HAL_Driver/Src/stm32f4xx_hal_pcd_ex.o
                0x080058b8                HAL_PCDEx_SetRxFiFo
 .text.HAL_PCDEx_LPM_Callback
                0x080058d8       0x16 ./Drivers/STM32F4xx_HAL_Driver/Src/stm32f4xx_hal_pcd_ex.o
                0x080058d8                HAL_PCDEx_LPM_Callback
 *fill*         0x080058ee        0x2 
 .text.HAL_RCC_OscConfig
                0x080058f0      0x4f0 ./Drivers/STM32F4xx_HAL_Driver/Src/stm32f4xx_hal_rcc.o
                0x080058f0                HAL_RCC_OscConfig
 .text.HAL_RCC_ClockConfig
                0x08005de0      0x1cc ./Drivers/STM32F4xx_HAL_Driver/Src/stm32f4xx_hal_rcc.o
                0x08005de0                HAL_RCC_ClockConfig
 .text.HAL_RCC_GetSysClockFreq
                0x08005fac      0x20c ./Drivers/STM32F4xx_HAL_Driver/Src/stm32f4xx_hal_rcc.o
                0x08005fac                HAL_RCC_GetSysClockFreq
 .text.HAL_RCC_GetHCLKFreq
                0x080061b8       0x14 ./Drivers/STM32F4xx_HAL_Driver/Src/stm32f4xx_hal_rcc.o
                0x080061b8                HAL_RCC_GetHCLKFreq
 .text.HAL_RCC_GetPCLK1Freq
                0x080061cc       0x28 ./Drivers/STM32F4xx_HAL_Driver/Src/stm32f4xx_hal_rcc.o
                0x080061cc                HAL_RCC_GetPCLK1Freq
 .text.HAL_RCC_GetPCLK2Freq
                0x080061f4       0x28 ./Drivers/STM32F4xx_HAL_Driver/Src/stm32f4xx_hal_rcc.o
                0x080061f4                HAL_RCC_GetPCLK2Freq
 .text.HAL_SPI_Init
                0x0800621c      0x112 ./Drivers/STM32F4xx_HAL_Driver/Src/stm32f4xx_hal_spi.o
                0x0800621c                HAL_SPI_Init
 .text.HAL_SPI_Transmit
                0x0800632e      0x288 ./Drivers/STM32F4xx_HAL_Driver/Src/stm32f4xx_hal_spi.o
                0x0800632e                HAL_SPI_Transmit
 .text.HAL_SPI_Receive
                0x080065b6      0x232 ./Drivers/STM32F4xx_HAL_Driver/Src/stm32f4xx_hal_spi.o
                0x080065b6                HAL_SPI_Receive
 .text.HAL_SPI_TransmitReceive
                0x080067e8      0x352 ./Drivers/STM32F4xx_HAL_Driver/Src/stm32f4xx_hal_spi.o
                0x080067e8                HAL_SPI_TransmitReceive
 *fill*         0x08006b3a        0x2 
 .text.SPI_WaitFlagStateUntilTimeout
                0x08006b3c      0x110 ./Drivers/STM32F4xx_HAL_Driver/Src/stm32f4xx_hal_spi.o
 .text.SPI_EndRxTransaction
                0x08006c4c       0xca ./Drivers/STM32F4xx_HAL_Driver/Src/stm32f4xx_hal_spi.o
 *fill*         0x08006d16        0x2 
 .text.SPI_EndRxTxTransaction
                0x08006d18       0xa8 ./Drivers/STM32F4xx_HAL_Driver/Src/stm32f4xx_hal_spi.o
 .text.HAL_TIM_Base_Init
                0x08006dc0       0x9e ./Drivers/STM32F4xx_HAL_Driver/Src/stm32f4xx_hal_tim.o
                0x08006dc0                HAL_TIM_Base_Init
 .text.HAL_TIM_PWM_Init
                0x08006e5e       0x9e ./Drivers/STM32F4xx_HAL_Driver/Src/stm32f4xx_hal_tim.o
                0x08006e5e                HAL_TIM_PWM_Init
 .text.HAL_TIM_IRQHandler
                0x08006efc      0x1e0 ./Drivers/STM32F4xx_HAL_Driver/Src/stm32f4xx_hal_tim.o
                0x08006efc                HAL_TIM_IRQHandler
 .text.HAL_TIM_PWM_ConfigChannel
                0x080070dc      0x16c ./Drivers/STM32F4xx_HAL_Driver/Src/stm32f4xx_hal_tim.o
                0x080070dc                HAL_TIM_PWM_ConfigChannel
 .text.HAL_TIM_ConfigClockSource
                0x08007248      0x18e ./Drivers/STM32F4xx_HAL_Driver/Src/stm32f4xx_hal_tim.o
                0x08007248                HAL_TIM_ConfigClockSource
 .text.HAL_TIM_OC_DelayElapsedCallback
                0x080073d6       0x12 ./Drivers/STM32F4xx_HAL_Driver/Src/stm32f4xx_hal_tim.o
                0x080073d6                HAL_TIM_OC_DelayElapsedCallback
 .text.HAL_TIM_IC_CaptureCallback
                0x080073e8       0x12 ./Drivers/STM32F4xx_HAL_Driver/Src/stm32f4xx_hal_tim.o
                0x080073e8                HAL_TIM_IC_CaptureCallback
 .text.HAL_TIM_PWM_PulseFinishedCallback
                0x080073fa       0x12 ./Drivers/STM32F4xx_HAL_Driver/Src/stm32f4xx_hal_tim.o
                0x080073fa                HAL_TIM_PWM_PulseFinishedCallback
 .text.HAL_TIM_TriggerCallback
                0x0800740c       0x12 ./Drivers/STM32F4xx_HAL_Driver/Src/stm32f4xx_hal_tim.o
                0x0800740c                HAL_TIM_TriggerCallback
 *fill*         0x0800741e        0x2 
 .text.TIM_Base_SetConfig
                0x08007420      0x154 ./Drivers/STM32F4xx_HAL_Driver/Src/stm32f4xx_hal_tim.o
                0x08007420                TIM_Base_SetConfig
 .text.TIM_OC1_SetConfig
                0x08007574       0xe0 ./Drivers/STM32F4xx_HAL_Driver/Src/stm32f4xx_hal_tim.o
 .text.TIM_OC2_SetConfig
                0x08007654       0xe8 ./Drivers/STM32F4xx_HAL_Driver/Src/stm32f4xx_hal_tim.o
                0x08007654                TIM_OC2_SetConfig
 .text.TIM_OC3_SetConfig
                0x0800773c       0xe8 ./Drivers/STM32F4xx_HAL_Driver/Src/stm32f4xx_hal_tim.o
 .text.TIM_OC4_SetConfig
                0x08007824       0xa8 ./Drivers/STM32F4xx_HAL_Driver/Src/stm32f4xx_hal_tim.o
 .text.TIM_TI1_ConfigInputStage
                0x080078cc       0x5c ./Drivers/STM32F4xx_HAL_Driver/Src/stm32f4xx_hal_tim.o
 .text.TIM_TI2_ConfigInputStage
                0x08007928       0x5e ./Drivers/STM32F4xx_HAL_Driver/Src/stm32f4xx_hal_tim.o
 .text.TIM_ITRx_SetConfig
                0x08007986       0x34 ./Drivers/STM32F4xx_HAL_Driver/Src/stm32f4xx_hal_tim.o
 .text.TIM_ETR_SetConfig
                0x080079ba       0x3e ./Drivers/STM32F4xx_HAL_Driver/Src/stm32f4xx_hal_tim.o
                0x080079ba                TIM_ETR_SetConfig
 .text.HAL_TIMEx_MasterConfigSynchronization
                0x080079f8       0xf4 ./Drivers/STM32F4xx_HAL_Driver/Src/stm32f4xx_hal_tim_ex.o
                0x080079f8                HAL_TIMEx_MasterConfigSynchronization
 .text.HAL_TIMEx_CommutCallback
                0x08007aec       0x12 ./Drivers/STM32F4xx_HAL_Driver/Src/stm32f4xx_hal_tim_ex.o
                0x08007aec                HAL_TIMEx_CommutCallback
 .text.HAL_TIMEx_BreakCallback
                0x08007afe       0x12 ./Drivers/STM32F4xx_HAL_Driver/Src/stm32f4xx_hal_tim_ex.o
                0x08007afe                HAL_TIMEx_BreakCallback
 .text.HAL_UART_Init
                0x08007b10       0xa0 ./Drivers/STM32F4xx_HAL_Driver/Src/stm32f4xx_hal_uart.o
                0x08007b10                HAL_UART_Init
 .text.HAL_UART_Receive_IT
                0x08007bb0       0x4a ./Drivers/STM32F4xx_HAL_Driver/Src/stm32f4xx_hal_uart.o
                0x08007bb0                HAL_UART_Receive_IT
 *fill*         0x08007bfa        0x2 
 .text.HAL_UART_IRQHandler
                0x08007bfc      0x520 ./Drivers/STM32F4xx_HAL_Driver/Src/stm32f4xx_hal_uart.o
                0x08007bfc                HAL_UART_IRQHandler
 .text.HAL_UART_TxCpltCallback
                0x0800811c       0x12 ./Drivers/STM32F4xx_HAL_Driver/Src/stm32f4xx_hal_uart.o
                0x0800811c                HAL_UART_TxCpltCallback
 .text.HAL_UART_ErrorCallback
                0x0800812e       0x12 ./Drivers/STM32F4xx_HAL_Driver/Src/stm32f4xx_hal_uart.o
                0x0800812e                HAL_UART_ErrorCallback
 .text.HAL_UARTEx_RxEventCallback
                0x08008140       0x16 ./Drivers/STM32F4xx_HAL_Driver/Src/stm32f4xx_hal_uart.o
                0x08008140                HAL_UARTEx_RxEventCallback
 .text.UART_Start_Receive_IT
                0x08008156       0x72 ./Drivers/STM32F4xx_HAL_Driver/Src/stm32f4xx_hal_uart.o
                0x08008156                UART_Start_Receive_IT
 .text.UART_EndRxTransfer
                0x080081c8       0xc4 ./Drivers/STM32F4xx_HAL_Driver/Src/stm32f4xx_hal_uart.o
 .text.UART_DMAAbortOnError
                0x0800828c       0x28 ./Drivers/STM32F4xx_HAL_Driver/Src/stm32f4xx_hal_uart.o
 .text.UART_Transmit_IT
                0x080082b4       0x9e ./Drivers/STM32F4xx_HAL_Driver/Src/stm32f4xx_hal_uart.o
 .text.UART_EndTransmit_IT
                0x08008352       0x30 ./Drivers/STM32F4xx_HAL_Driver/Src/stm32f4xx_hal_uart.o
 .text.UART_Receive_IT
                0x08008382      0x17c ./Drivers/STM32F4xx_HAL_Driver/Src/stm32f4xx_hal_uart.o
 *fill*         0x080084fe        0x2 
 .text.UART_SetConfig
                0x08008500      0x4e8 ./Drivers/STM32F4xx_HAL_Driver/Src/stm32f4xx_hal_uart.o
 .text.USB_CoreInit
                0x080089e8       0xc8 ./Drivers/STM32F4xx_HAL_Driver/Src/stm32f4xx_ll_usb.o
                0x080089e8                USB_CoreInit
 .text.USB_SetTurnaroundTime
                0x08008ab0      0x144 ./Drivers/STM32F4xx_HAL_Driver/Src/stm32f4xx_ll_usb.o
                0x08008ab0                USB_SetTurnaroundTime
 .text.USB_EnableGlobalInt
                0x08008bf4       0x20 ./Drivers/STM32F4xx_HAL_Driver/Src/stm32f4xx_ll_usb.o
                0x08008bf4                USB_EnableGlobalInt
 .text.USB_DisableGlobalInt
                0x08008c14       0x20 ./Drivers/STM32F4xx_HAL_Driver/Src/stm32f4xx_ll_usb.o
                0x08008c14                USB_DisableGlobalInt
 .text.USB_SetCurrentMode
                0x08008c34       0x98 ./Drivers/STM32F4xx_HAL_Driver/Src/stm32f4xx_ll_usb.o
                0x08008c34                USB_SetCurrentMode
 .text.USB_DevInit
                0x08008ccc      0x2c8 ./Drivers/STM32F4xx_HAL_Driver/Src/stm32f4xx_ll_usb.o
                0x08008ccc                USB_DevInit
 .text.USB_FlushTxFifo
                0x08008f94       0x62 ./Drivers/STM32F4xx_HAL_Driver/Src/stm32f4xx_ll_usb.o
                0x08008f94                USB_FlushTxFifo
 .text.USB_FlushRxFifo
                0x08008ff6       0x5a ./Drivers/STM32F4xx_HAL_Driver/Src/stm32f4xx_ll_usb.o
                0x08008ff6                USB_FlushRxFifo
 .text.USB_SetDevSpeed
                0x08009050       0x30 ./Drivers/STM32F4xx_HAL_Driver/Src/stm32f4xx_ll_usb.o
                0x08009050                USB_SetDevSpeed
 .text.USB_GetDevSpeed
                0x08009080       0x48 ./Drivers/STM32F4xx_HAL_Driver/Src/stm32f4xx_ll_usb.o
                0x08009080                USB_GetDevSpeed
 .text.USB_ActivateEndpoint
                0x080090c8      0x10c ./Drivers/STM32F4xx_HAL_Driver/Src/stm32f4xx_ll_usb.o
                0x080090c8                USB_ActivateEndpoint
 .text.USB_DeactivateEndpoint
                0x080091d4      0x1b8 ./Drivers/STM32F4xx_HAL_Driver/Src/stm32f4xx_ll_usb.o
                0x080091d4                USB_DeactivateEndpoint
 .text.USB_EPStartXfer
                0x0800938c      0x53c ./Drivers/STM32F4xx_HAL_Driver/Src/stm32f4xx_ll_usb.o
                0x0800938c                USB_EPStartXfer
 .text.USB_EPStopXfer
                0x080098c8      0x152 ./Drivers/STM32F4xx_HAL_Driver/Src/stm32f4xx_ll_usb.o
                0x080098c8                USB_EPStopXfer
 .text.USB_WritePacket
                0x08009a1a       0x7a ./Drivers/STM32F4xx_HAL_Driver/Src/stm32f4xx_ll_usb.o
                0x08009a1a                USB_WritePacket
 .text.USB_ReadPacket
                0x08009a94       0xae ./Drivers/STM32F4xx_HAL_Driver/Src/stm32f4xx_ll_usb.o
                0x08009a94                USB_ReadPacket
 .text.USB_EPSetStall
                0x08009b42       0xda ./Drivers/STM32F4xx_HAL_Driver/Src/stm32f4xx_ll_usb.o
                0x08009b42                USB_EPSetStall
 .text.USB_EPClearStall
                0x08009c1c       0xca ./Drivers/STM32F4xx_HAL_Driver/Src/stm32f4xx_ll_usb.o
                0x08009c1c                USB_EPClearStall
 .text.USB_SetDevAddress
                0x08009ce6       0x4a ./Drivers/STM32F4xx_HAL_Driver/Src/stm32f4xx_ll_usb.o
                0x08009ce6                USB_SetDevAddress
 .text.USB_DevConnect
                0x08009d30       0x40 ./Drivers/STM32F4xx_HAL_Driver/Src/stm32f4xx_ll_usb.o
                0x08009d30                USB_DevConnect
 .text.USB_DevDisconnect
                0x08009d70       0x40 ./Drivers/STM32F4xx_HAL_Driver/Src/stm32f4xx_ll_usb.o
                0x08009d70                USB_DevDisconnect
 .text.USB_ReadInterrupts
                0x08009db0       0x24 ./Drivers/STM32F4xx_HAL_Driver/Src/stm32f4xx_ll_usb.o
                0x08009db0                USB_ReadInterrupts
 .text.USB_ReadDevAllOutEpInterrupt
                0x08009dd4       0x32 ./Drivers/STM32F4xx_HAL_Driver/Src/stm32f4xx_ll_usb.o
                0x08009dd4                USB_ReadDevAllOutEpInterrupt
 .text.USB_ReadDevAllInEpInterrupt
                0x08009e06       0x32 ./Drivers/STM32F4xx_HAL_Driver/Src/stm32f4xx_ll_usb.o
                0x08009e06                USB_ReadDevAllInEpInterrupt
 .text.USB_ReadDevOutEPInterrupt
                0x08009e38       0x3a ./Drivers/STM32F4xx_HAL_Driver/Src/stm32f4xx_ll_usb.o
                0x08009e38                USB_ReadDevOutEPInterrupt
 .text.USB_ReadDevInEPInterrupt
                0x08009e72       0x5a ./Drivers/STM32F4xx_HAL_Driver/Src/stm32f4xx_ll_usb.o
                0x08009e72                USB_ReadDevInEPInterrupt
 .text.USB_GetMode
                0x08009ecc       0x1a ./Drivers/STM32F4xx_HAL_Driver/Src/stm32f4xx_ll_usb.o
                0x08009ecc                USB_GetMode
 .text.USB_ActivateSetup
                0x08009ee6       0x44 ./Drivers/STM32F4xx_HAL_Driver/Src/stm32f4xx_ll_usb.o
                0x08009ee6                USB_ActivateSetup
 *fill*         0x08009f2a        0x2 
 .text.USB_EP0_OutStart
                0x08009f2c       0xb8 ./Drivers/STM32F4xx_HAL_Driver/Src/stm32f4xx_ll_usb.o
                0x08009f2c                USB_EP0_OutStart
 .text.USB_CoreReset
                0x08009fe4       0x60 ./Drivers/STM32F4xx_HAL_Driver/Src/stm32f4xx_ll_usb.o
 .text.USBD_CDC_Init
                0x0800a044      0x1f0 ./Middlewares/ST/STM32_USB_Device_Library/Class/CDC/Src/usbd_cdc.o
 .text.USBD_CDC_DeInit
                0x0800a234      0x104 ./Middlewares/ST/STM32_USB_Device_Library/Class/CDC/Src/usbd_cdc.o
 .text.USBD_CDC_Setup
                0x0800a338      0x198 ./Middlewares/ST/STM32_USB_Device_Library/Class/CDC/Src/usbd_cdc.o
 .text.USBD_CDC_DataIn
                0x0800a4d0       0xfe ./Middlewares/ST/STM32_USB_Device_Library/Class/CDC/Src/usbd_cdc.o
 .text.USBD_CDC_DataOut
                0x0800a5ce       0x70 ./Middlewares/ST/STM32_USB_Device_Library/Class/CDC/Src/usbd_cdc.o
 .text.USBD_CDC_EP0_RxReady
                0x0800a63e       0x74 ./Middlewares/ST/STM32_USB_Device_Library/Class/CDC/Src/usbd_cdc.o
 *fill*         0x0800a6b2        0x2 
 .text.USBD_CDC_GetFSCfgDesc
                0x0800a6b4       0x70 ./Middlewares/ST/STM32_USB_Device_Library/Class/CDC/Src/usbd_cdc.o
 .text.USBD_CDC_GetHSCfgDesc
                0x0800a724       0x70 ./Middlewares/ST/STM32_USB_Device_Library/Class/CDC/Src/usbd_cdc.o
 .text.USBD_CDC_GetOtherSpeedCfgDesc
                0x0800a794       0x70 ./Middlewares/ST/STM32_USB_Device_Library/Class/CDC/Src/usbd_cdc.o
 .text.USBD_CDC_GetDeviceQualifierDescriptor
                0x0800a804       0x20 ./Middlewares/ST/STM32_USB_Device_Library/Class/CDC/Src/usbd_cdc.o
                0x0800a804                USBD_CDC_GetDeviceQualifierDescriptor
 .text.USBD_CDC_RegisterInterface
                0x0800a824       0x32 ./Middlewares/ST/STM32_USB_Device_Library/Class/CDC/Src/usbd_cdc.o
                0x0800a824                USBD_CDC_RegisterInterface
 .text.USBD_CDC_SetTxBuffer
                0x0800a856       0x42 ./Middlewares/ST/STM32_USB_Device_Library/Class/CDC/Src/usbd_cdc.o
                0x0800a856                USBD_CDC_SetTxBuffer
 .text.USBD_CDC_SetRxBuffer
                0x0800a898       0x38 ./Middlewares/ST/STM32_USB_Device_Library/Class/CDC/Src/usbd_cdc.o
                0x0800a898                USBD_CDC_SetRxBuffer
 .text.USBD_CDC_TransmitPacket
                0x0800a8d0       0x80 ./Middlewares/ST/STM32_USB_Device_Library/Class/CDC/Src/usbd_cdc.o
                0x0800a8d0                USBD_CDC_TransmitPacket
 .text.USBD_CDC_ReceivePacket
                0x0800a950       0x6c ./Middlewares/ST/STM32_USB_Device_Library/Class/CDC/Src/usbd_cdc.o
                0x0800a950                USBD_CDC_ReceivePacket
 .text.USBD_Init
                0x0800a9bc       0x60 ./Middlewares/ST/STM32_USB_Device_Library/Core/Src/usbd_core.o
                0x0800a9bc                USBD_Init
 .text.USBD_RegisterClass
                0x0800aa1c       0x6c ./Middlewares/ST/STM32_USB_Device_Library/Core/Src/usbd_core.o
                0x0800aa1c                USBD_RegisterClass
 .text.USBD_Start
                0x0800aa88       0x18 ./Middlewares/ST/STM32_USB_Device_Library/Core/Src/usbd_core.o
                0x0800aa88                USBD_Start
 .text.USBD_RunTestMode
                0x0800aaa0       0x14 ./Middlewares/ST/STM32_USB_Device_Library/Core/Src/usbd_core.o
                0x0800aaa0                USBD_RunTestMode
 .text.USBD_SetClassConfig
                0x0800aab4       0x38 ./Middlewares/ST/STM32_USB_Device_Library/Core/Src/usbd_core.o
                0x0800aab4                USBD_SetClassConfig
 .text.USBD_ClrClassConfig
                0x0800aaec       0x34 ./Middlewares/ST/STM32_USB_Device_Library/Core/Src/usbd_core.o
                0x0800aaec                USBD_ClrClassConfig
 .text.USBD_LL_SetupStage
                0x0800ab20       0xaa ./Middlewares/ST/STM32_USB_Device_Library/Core/Src/usbd_core.o
                0x0800ab20                USBD_LL_SetupStage
 .text.USBD_LL_DataOutStage
                0x0800abca      0x166 ./Middlewares/ST/STM32_USB_Device_Library/Core/Src/usbd_core.o
                0x0800abca                USBD_LL_DataOutStage
 .text.USBD_LL_DataInStage
                0x0800ad30      0x164 ./Middlewares/ST/STM32_USB_Device_Library/Core/Src/usbd_core.o
                0x0800ad30                USBD_LL_DataInStage
 .text.USBD_LL_Reset
                0x0800ae94       0xa4 ./Middlewares/ST/STM32_USB_Device_Library/Core/Src/usbd_core.o
                0x0800ae94                USBD_LL_Reset
 .text.USBD_LL_SetSpeed
                0x0800af38       0x1e ./Middlewares/ST/STM32_USB_Device_Library/Core/Src/usbd_core.o
                0x0800af38                USBD_LL_SetSpeed
 .text.USBD_LL_Suspend
                0x0800af56       0x36 ./Middlewares/ST/STM32_USB_Device_Library/Core/Src/usbd_core.o
                0x0800af56                USBD_LL_Suspend
 .text.USBD_LL_Resume
                0x0800af8c       0x2e ./Middlewares/ST/STM32_USB_Device_Library/Core/Src/usbd_core.o
                0x0800af8c                USBD_LL_Resume
 .text.USBD_LL_SOF
                0x0800afba       0x40 ./Middlewares/ST/STM32_USB_Device_Library/Core/Src/usbd_core.o
                0x0800afba                USBD_LL_SOF
 .text.USBD_LL_IsoINIncomplete
                0x0800affa       0x64 ./Middlewares/ST/STM32_USB_Device_Library/Core/Src/usbd_core.o
                0x0800affa                USBD_LL_IsoINIncomplete
 .text.USBD_LL_IsoOUTIncomplete
                0x0800b05e       0x64 ./Middlewares/ST/STM32_USB_Device_Library/Core/Src/usbd_core.o
                0x0800b05e                USBD_LL_IsoOUTIncomplete
 .text.USBD_LL_DevConnected
                0x0800b0c2       0x14 ./Middlewares/ST/STM32_USB_Device_Library/Core/Src/usbd_core.o
                0x0800b0c2                USBD_LL_DevConnected
 .text.USBD_LL_DevDisconnected
                0x0800b0d6       0x46 ./Middlewares/ST/STM32_USB_Device_Library/Core/Src/usbd_core.o
                0x0800b0d6                USBD_LL_DevDisconnected
 .text.USBD_CoreFindIF
                0x0800b11c       0x18 ./Middlewares/ST/STM32_USB_Device_Library/Core/Src/usbd_core.o
                0x0800b11c                USBD_CoreFindIF
 .text.USBD_CoreFindEP
                0x0800b134       0x18 ./Middlewares/ST/STM32_USB_Device_Library/Core/Src/usbd_core.o
                0x0800b134                USBD_CoreFindEP
 .text.USBD_GetEpDesc
                0x0800b14c       0x70 ./Middlewares/ST/STM32_USB_Device_Library/Core/Src/usbd_core.o
                0x0800b14c                USBD_GetEpDesc
 .text.USBD_GetNextDesc
                0x0800b1bc       0x36 ./Middlewares/ST/STM32_USB_Device_Library/Core/Src/usbd_core.o
                0x0800b1bc                USBD_GetNextDesc
 .text.SWAPBYTE
                0x0800b1f2       0x3c ./Middlewares/ST/STM32_USB_Device_Library/Core/Src/usbd_ctlreq.o
 .text.USBD_StdDevReq
                0x0800b22e       0xe2 ./Middlewares/ST/STM32_USB_Device_Library/Core/Src/usbd_ctlreq.o
                0x0800b22e                USBD_StdDevReq
 .text.USBD_StdItfReq
                0x0800b310       0xd8 ./Middlewares/ST/STM32_USB_Device_Library/Core/Src/usbd_ctlreq.o
                0x0800b310                USBD_StdItfReq
 .text.USBD_StdEPReq
                0x0800b3e8      0x33e ./Middlewares/ST/STM32_USB_Device_Library/Core/Src/usbd_ctlreq.o
                0x0800b3e8                USBD_StdEPReq
 .text.USBD_GetDescriptor
                0x0800b726      0x2e2 ./Middlewares/ST/STM32_USB_Device_Library/Core/Src/usbd_ctlreq.o
 .text.USBD_SetAddress
                0x0800ba08       0x88 ./Middlewares/ST/STM32_USB_Device_Library/Core/Src/usbd_ctlreq.o
 .text.USBD_SetConfig
                0x0800ba90      0x154 ./Middlewares/ST/STM32_USB_Device_Library/Core/Src/usbd_ctlreq.o
 .text.USBD_GetConfig
                0x0800bbe4       0x6c ./Middlewares/ST/STM32_USB_Device_Library/Core/Src/usbd_ctlreq.o
 .text.USBD_GetStatus
                0x0800bc50       0x68 ./Middlewares/ST/STM32_USB_Device_Library/Core/Src/usbd_ctlreq.o
 .text.USBD_SetFeature
                0x0800bcb8       0x52 ./Middlewares/ST/STM32_USB_Device_Library/Core/Src/usbd_ctlreq.o
 .text.USBD_ClrFeature
                0x0800bd0a       0x44 ./Middlewares/ST/STM32_USB_Device_Library/Core/Src/usbd_ctlreq.o
 .text.USBD_ParseSetupRequest
                0x0800bd4e       0x74 ./Middlewares/ST/STM32_USB_Device_Library/Core/Src/usbd_ctlreq.o
                0x0800bd4e                USBD_ParseSetupRequest
 .text.USBD_CtlError
                0x0800bdc2       0x22 ./Middlewares/ST/STM32_USB_Device_Library/Core/Src/usbd_ctlreq.o
                0x0800bdc2                USBD_CtlError
 .text.USBD_GetString
                0x0800bde4       0xa4 ./Middlewares/ST/STM32_USB_Device_Library/Core/Src/usbd_ctlreq.o
                0x0800bde4                USBD_GetString
 .text.USBD_GetLen
                0x0800be88       0x32 ./Middlewares/ST/STM32_USB_Device_Library/Core/Src/usbd_ctlreq.o
 .text.USBD_CtlSendData
                0x0800beba       0x36 ./Middlewares/ST/STM32_USB_Device_Library/Core/Src/usbd_ioreq.o
                0x0800beba                USBD_CtlSendData
 .text.USBD_CtlContinueSendData
                0x0800bef0       0x22 ./Middlewares/ST/STM32_USB_Device_Library/Core/Src/usbd_ioreq.o
                0x0800bef0                USBD_CtlContinueSendData
 .text.USBD_CtlPrepareRx
                0x0800bf12       0x3a ./Middlewares/ST/STM32_USB_Device_Library/Core/Src/usbd_ioreq.o
                0x0800bf12                USBD_CtlPrepareRx
 .text.USBD_CtlContinueRx
                0x0800bf4c       0x22 ./Middlewares/ST/STM32_USB_Device_Library/Core/Src/usbd_ioreq.o
                0x0800bf4c                USBD_CtlContinueRx
 .text.USBD_CtlSendStatus
                0x0800bf6e       0x26 ./Middlewares/ST/STM32_USB_Device_Library/Core/Src/usbd_ioreq.o
                0x0800bf6e                USBD_CtlSendStatus
 .text.USBD_CtlReceiveStatus
                0x0800bf94       0x26 ./Middlewares/ST/STM32_USB_Device_Library/Core/Src/usbd_ioreq.o
                0x0800bf94                USBD_CtlReceiveStatus
 *fill*         0x0800bfba        0x2 
 .text.MX_USB_DEVICE_Init
                0x0800bfbc       0x60 ./USB_DEVICE/App/usb_device.o
                0x0800bfbc                MX_USB_DEVICE_Init
 .text.CDC_Init_FS
                0x0800c01c       0x28 ./USB_DEVICE/App/usbd_cdc_if.o
 .text.CDC_DeInit_FS
                0x0800c044        0xe ./USB_DEVICE/App/usbd_cdc_if.o
 .text.CDC_Control_FS
                0x0800c052       0x86 ./USB_DEVICE/App/usbd_cdc_if.o
 .text.CDC_Receive_FS
                0x0800c0d8       0x28 ./USB_DEVICE/App/usbd_cdc_if.o
 .text.CDC_Transmit_FS
                0x0800c100       0x4c ./USB_DEVICE/App/usbd_cdc_if.o
                0x0800c100                CDC_Transmit_FS
 .text.CDC_TransmitCplt_FS
                0x0800c14c       0x20 ./USB_DEVICE/App/usbd_cdc_if.o
 .text._write   0x0800c16c       0x2a ./USB_DEVICE/App/usbd_cdc_if.o
                0x0800c16c                _write
 *fill*         0x0800c196        0x2 
 .text.USBD_FS_DeviceDescriptor
                0x0800c198       0x24 ./USB_DEVICE/App/usbd_desc.o
                0x0800c198                USBD_FS_DeviceDescriptor
 .text.USBD_FS_LangIDStrDescriptor
                0x0800c1bc       0x24 ./USB_DEVICE/App/usbd_desc.o
                0x0800c1bc                USBD_FS_LangIDStrDescriptor
 .text.USBD_FS_ProductStrDescriptor
                0x0800c1e0       0x3c ./USB_DEVICE/App/usbd_desc.o
                0x0800c1e0                USBD_FS_ProductStrDescriptor
 .text.USBD_FS_ManufacturerStrDescriptor
                0x0800c21c       0x28 ./USB_DEVICE/App/usbd_desc.o
                0x0800c21c                USBD_FS_ManufacturerStrDescriptor
 .text.USBD_FS_SerialStrDescriptor
                0x0800c244       0x24 ./USB_DEVICE/App/usbd_desc.o
                0x0800c244                USBD_FS_SerialStrDescriptor
 .text.USBD_FS_ConfigStrDescriptor
                0x0800c268       0x3c ./USB_DEVICE/App/usbd_desc.o
                0x0800c268                USBD_FS_ConfigStrDescriptor
 .text.USBD_FS_InterfaceStrDescriptor
                0x0800c2a4       0x3c ./USB_DEVICE/App/usbd_desc.o
                0x0800c2a4                USBD_FS_InterfaceStrDescriptor
 .text.Get_SerialNum
                0x0800c2e0       0x58 ./USB_DEVICE/App/usbd_desc.o
 .text.IntToUnicode
                0x0800c338       0x7c ./USB_DEVICE/App/usbd_desc.o
 .text.HAL_PCD_MspInit
                0x0800c3b4       0xa8 ./USB_DEVICE/Target/usbd_conf.o
                0x0800c3b4                HAL_PCD_MspInit
 .text.HAL_PCD_SetupStageCallback
                0x0800c45c       0x24 ./USB_DEVICE/Target/usbd_conf.o
                0x0800c45c                HAL_PCD_SetupStageCallback
 .text.HAL_PCD_DataOutStageCallback
                0x0800c480       0x36 ./USB_DEVICE/Target/usbd_conf.o
                0x0800c480                HAL_PCD_DataOutStageCallback
 .text.HAL_PCD_DataInStageCallback
                0x0800c4b6       0x34 ./USB_DEVICE/Target/usbd_conf.o
                0x0800c4b6                HAL_PCD_DataInStageCallback
 .text.HAL_PCD_SOFCallback
                0x0800c4ea       0x1c ./USB_DEVICE/Target/usbd_conf.o
                0x0800c4ea                HAL_PCD_SOFCallback
 .text.HAL_PCD_ResetCallback
                0x0800c506       0x50 ./USB_DEVICE/Target/usbd_conf.o
                0x0800c506                HAL_PCD_ResetCallback
 *fill*         0x0800c556        0x2 
 .text.HAL_PCD_SuspendCallback
                0x0800c558       0x4c ./USB_DEVICE/Target/usbd_conf.o
                0x0800c558                HAL_PCD_SuspendCallback
 .text.HAL_PCD_ResumeCallback
                0x0800c5a4       0x1c ./USB_DEVICE/Target/usbd_conf.o
                0x0800c5a4                HAL_PCD_ResumeCallback
 .text.HAL_PCD_ISOOUTIncompleteCallback
                0x0800c5c0       0x24 ./USB_DEVICE/Target/usbd_conf.o
                0x0800c5c0                HAL_PCD_ISOOUTIncompleteCallback
 .text.HAL_PCD_ISOINIncompleteCallback
                0x0800c5e4       0x24 ./USB_DEVICE/Target/usbd_conf.o
                0x0800c5e4                HAL_PCD_ISOINIncompleteCallback
 .text.HAL_PCD_ConnectCallback
                0x0800c608       0x1c ./USB_DEVICE/Target/usbd_conf.o
                0x0800c608                HAL_PCD_ConnectCallback
 .text.HAL_PCD_DisconnectCallback
                0x0800c624       0x1c ./USB_DEVICE/Target/usbd_conf.o
                0x0800c624                HAL_PCD_DisconnectCallback
 .text.USBD_LL_Init
                0x0800c640       0x98 ./USB_DEVICE/Target/usbd_conf.o
                0x0800c640                USBD_LL_Init
 .text.USBD_LL_Start
                0x0800c6d8       0x36 ./USB_DEVICE/Target/usbd_conf.o
                0x0800c6d8                USBD_LL_Start
 .text.USBD_LL_OpenEP
                0x0800c70e       0x4c ./USB_DEVICE/Target/usbd_conf.o
                0x0800c70e                USBD_LL_OpenEP
 .text.USBD_LL_CloseEP
                0x0800c75a       0x3e ./USB_DEVICE/Target/usbd_conf.o
                0x0800c75a                USBD_LL_CloseEP
 .text.USBD_LL_StallEP
                0x0800c798       0x3e ./USB_DEVICE/Target/usbd_conf.o
                0x0800c798                USBD_LL_StallEP
 .text.USBD_LL_ClearStallEP
                0x0800c7d6       0x3e ./USB_DEVICE/Target/usbd_conf.o
                0x0800c7d6                USBD_LL_ClearStallEP
 .text.USBD_LL_IsStallEP
                0x0800c814       0x56 ./USB_DEVICE/Target/usbd_conf.o
                0x0800c814                USBD_LL_IsStallEP
 .text.USBD_LL_SetUSBAddress
                0x0800c86a       0x3e ./USB_DEVICE/Target/usbd_conf.o
                0x0800c86a                USBD_LL_SetUSBAddress
 .text.USBD_LL_Transmit
                0x0800c8a8       0x42 ./USB_DEVICE/Target/usbd_conf.o
                0x0800c8a8                USBD_LL_Transmit
 .text.USBD_LL_PrepareReceive
                0x0800c8ea       0x42 ./USB_DEVICE/Target/usbd_conf.o
                0x0800c8ea                USBD_LL_PrepareReceive
 .text.USBD_LL_GetRxDataSize
                0x0800c92c       0x26 ./USB_DEVICE/Target/usbd_conf.o
                0x0800c92c                USBD_LL_GetRxDataSize
 *fill*         0x0800c952        0x2 
 .text.USBD_static_malloc
                0x0800c954       0x18 ./USB_DEVICE/Target/usbd_conf.o
                0x0800c954                USBD_static_malloc
 .text.USBD_static_free
                0x0800c96c       0x12 ./USB_DEVICE/Target/usbd_conf.o
                0x0800c96c                USBD_static_free
 .text.USBD_Get_USB_Status
                0x0800c97e       0x54 ./USB_DEVICE/Target/usbd_conf.o
                0x0800c97e                USBD_Get_USB_Status
 *fill*         0x0800c9d2        0x2 
 .text.atan2f   0x0800c9d4        0x4 /Applications/ArmGNUToolchain/15.2.rel1/arm-none-eabi/bin/../lib/gcc/arm-none-eabi/15.2.1/../../../../arm-none-eabi/lib/thumb/v7e-m+fp/hard/libm.a(libm_a-wf_atan2.o)
                0x0800c9d4                atan2f
 .text.exp      0x0800c9d8       0xa0 /Applications/ArmGNUToolchain/15.2.rel1/arm-none-eabi/bin/../lib/gcc/arm-none-eabi/15.2.1/../../../../arm-none-eabi/lib/thumb/v7e-m+fp/hard/libm.a(libm_a-w_exp.o)
                0x0800c9d8                exp
 .text.sqrtf    0x0800ca78       0x50 /Applications/ArmGNUToolchain/15.2.rel1/arm-none-eabi/bin/../lib/gcc/arm-none-eabi/15.2.1/../../../../arm-none-eabi/lib/thumb/v7e-m+fp/hard/libm.a(libm_a-wf_sqrt.o)
                0x0800ca78                sqrtf
 .text.atanf    0x0800cac8      0x1b8 /Applications/ArmGNUToolchain/15.2.rel1/arm-none-eabi/bin/../lib/gcc/arm-none-eabi/15.2.1/../../../../arm-none-eabi/lib/thumb/v7e-m+fp/hard/libm.a(libm_a-sf_atan.o)
                0x0800cac8                atanf
 .text.fabsf    0x0800cc80       0x10 /Applications/ArmGNUToolchain/15.2.rel1/arm-none-eabi/bin/../lib/gcc/arm-none-eabi/15.2.1/../../../../arm-none-eabi/lib/thumb/v7e-m+fp/hard/libm.a(libm_a-sf_fabs.o)
                0x0800cc80                fabsf
 .text.cos      0x0800cc90       0x90 /Applications/ArmGNUToolchain/15.2.rel1/arm-none-eabi/bin/../lib/gcc/arm-none-eabi/15.2.1/../../../../arm-none-eabi/lib/thumb/v7e-m+fp/hard/libm.a(libm_a-s_cos.o)
                0x0800cc90                cos
 .text.finite   0x0800cd20       0x18 /Applications/ArmGNUToolchain/15.2.rel1/arm-none-eabi/bin/../lib/gcc/arm-none-eabi/15.2.1/../../../../arm-none-eabi/lib/thumb/v7e-m+fp/hard/libm.a(libm_a-s_finite.o)
                0x0800cd20                finite
 .text.sin      0x0800cd38       0x98 /Applications/ArmGNUToolchain/15.2.rel1/arm-none-eabi/bin/../lib/gcc/arm-none-eabi/15.2.1/../../../../arm-none-eabi/lib/thumb/v7e-m+fp/hard/libm.a(libm_a-s_sin.o)
                0x0800cd38                sin
 .text.__ieee754_atan2f
                0x0800cdd0      0x144 /Applications/ArmGNUToolchain/15.2.rel1/arm-none-eabi/bin/../lib/gcc/arm-none-eabi/15.2.1/../../../../arm-none-eabi/lib/thumb/v7e-m+fp/hard/libm.a(libm_a-ef_atan2.o)
                0x0800cdd0                __ieee754_atan2f
 .text.__ieee754_sqrtf
                0x0800cf14        0x8 /Applications/ArmGNUToolchain/15.2.rel1/arm-none-eabi/bin/../lib/gcc/arm-none-eabi/15.2.1/../../../../arm-none-eabi/lib/thumb/v7e-m+fp/hard/libm.a(libm_a-ef_sqrt.o)
                0x0800cf14                __ieee754_sqrtf
 *fill*         0x0800cf1c        0x4 
 .text.__ieee754_exp
                0x0800cf20      0x3a4 /Applications/ArmGNUToolchain/15.2.rel1/arm-none-eabi/bin/../lib/gcc/arm-none-eabi/15.2.1/../../../../arm-none-eabi/lib/thumb/v7e-m+fp/hard/libm.a(libm_a-e_exp.o)
                0x0800cf20                __ieee754_exp
 *fill*         0x0800d2c4        0x4 
 .text.__ieee754_rem_pio2
                0x0800d2c8      0x43c /Applications/ArmGNUToolchain/15.2.rel1/arm-none-eabi/bin/../lib/gcc/arm-none-eabi/15.2.1/../../../../arm-none-eabi/lib/thumb/v7e-m+fp/hard/libm.a(libm_a-e_rem_pio2.o)
                0x0800d2c8                __ieee754_rem_pio2
 .text.with_errno
                0x0800d704       0x18 /Applications/ArmGNUToolchain/15.2.rel1/arm-none-eabi/bin/../lib/gcc/arm-none-eabi/15.2.1/../../../../arm-none-eabi/lib/thumb/v7e-m+fp/hard/libm.a(libm_a-math_err.o)
 .text.xflow    0x0800d71c       0x34 /Applications/ArmGNUToolchain/15.2.rel1/arm-none-eabi/bin/../lib/gcc/arm-none-eabi/15.2.1/../../../../arm-none-eabi/lib/thumb/v7e-m+fp/hard/libm.a(libm_a-math_err.o)
 .text.__math_uflow
                0x0800d750       0x10 /Applications/ArmGNUToolchain/15.2.rel1/arm-none-eabi/bin/../lib/gcc/arm-none-eabi/15.2.1/../../../../arm-none-eabi/lib/thumb/v7e-m+fp/hard/libm.a(libm_a-math_err.o)
                0x0800d750                __math_uflow
 .text.__math_oflow
                0x0800d760       0x10 /Applications/ArmGNUToolchain/15.2.rel1/arm-none-eabi/bin/../lib/gcc/arm-none-eabi/15.2.1/../../../../arm-none-eabi/lib/thumb/v7e-m+fp/hard/libm.a(libm_a-math_err.o)
                0x0800d760                __math_oflow
 .text.__kernel_rem_pio2
                0x0800d770      0x890 /Applications/ArmGNUToolchain/15.2.rel1/arm-none-eabi/bin/../lib/gcc/arm-none-eabi/15.2.1/../../../../arm-none-eabi/lib/thumb/v7e-m+fp/hard/libm.a(libm_a-k_rem_pio2.o)
                0x0800d770                __kernel_rem_pio2
 .text.__kernel_cos
                0x0800e000      0x27c /Applications/ArmGNUToolchain/15.2.rel1/arm-none-eabi/bin/../lib/gcc/arm-none-eabi/15.2.1/../../../../arm-none-eabi/lib/thumb/v7e-m+fp/hard/libm.a(libm_a-k_cos.o)
                0x0800e000                __kernel_cos
 *fill*         0x0800e27c        0x4 
 .text.__kernel_sin
                0x0800e280      0x194 /Applications/ArmGNUToolchain/15.2.rel1/arm-none-eabi/bin/../lib/gcc/arm-none-eabi/15.2.1/../../../../arm-none-eabi/lib/thumb/v7e-m+fp/hard/libm.a(libm_a-k_sin.o)
                0x0800e280                __kernel_sin
 .text.fabs     0x0800e414       0x14 /Applications/ArmGNUToolchain/15.2.rel1/arm-none-eabi/bin/../lib/gcc/arm-none-eabi/15.2.1/../../../../arm-none-eabi/lib/thumb/v7e-m+fp/hard/libm.a(libm_a-s_fabs.o)
                0x0800e414                fabs
 .text.scalbn   0x0800e428      0x12c /Applications/ArmGNUToolchain/15.2.rel1/arm-none-eabi/bin/../lib/gcc/arm-none-eabi/15.2.1/../../../../arm-none-eabi/lib/thumb/v7e-m+fp/hard/libm.a(libm_a-s_scalbn.o)
                0x0800e428                scalbn
 *fill*         0x0800e554        0x4 
 .text.floor    0x0800e558      0x108 /Applications/ArmGNUToolchain/15.2.rel1/arm-none-eabi/bin/../lib/gcc/arm-none-eabi/15.2.1/../../../../arm-none-eabi/lib/thumb/v7e-m+fp/hard/libm.a(libm_a-s_floor.o)
                0x0800e558                floor
 .text._Znwj    0x0800e660       0x22 /Applications/ArmGNUToolchain/15.2.rel1/arm-none-eabi/bin/../lib/gcc/arm-none-eabi/15.2.1/../../../../arm-none-eabi/lib/thumb/v7e-m+fp/hard/libstdc++_nano.a(new_op.o)
                0x0800e660                operator new(unsigned int)
 *fill*         0x0800e682        0x2 
 .text._ZSt15get_new_handlerv
                0x0800e684       0x10 /Applications/ArmGNUToolchain/15.2.rel1/arm-none-eabi/bin/../lib/gcc/arm-none-eabi/15.2.1/../../../../arm-none-eabi/lib/thumb/v7e-m+fp/hard/libstdc++_nano.a(new_handler.o)
                0x0800e684                std::get_new_handler()
 .text.abort    0x0800e694        0xe /Applications/ArmGNUToolchain/15.2.rel1/arm-none-eabi/bin/../lib/gcc/arm-none-eabi/15.2.1/../../../../arm-none-eabi/lib/thumb/v7e-m+fp/hard/libc_nano.a(libc_a-abort.o)
                0x0800e694                abort
 .text.__cvt    0x0800e6a2       0xbe /Applications/ArmGNUToolchain/15.2.rel1/arm-none-eabi/bin/../lib/gcc/arm-none-eabi/15.2.1/../../../../arm-none-eabi/lib/thumb/v7e-m+fp/hard/libc_nano.a(libc_a-nano-vfprintf_float.o)
                0x0800e6a2                __cvt
 .text.__exponent
                0x0800e760       0x76 /Applications/ArmGNUToolchain/15.2.rel1/arm-none-eabi/bin/../lib/gcc/arm-none-eabi/15.2.1/../../../../arm-none-eabi/lib/thumb/v7e-m+fp/hard/libc_nano.a(libc_a-nano-vfprintf_float.o)
                0x0800e760                __exponent
 *fill*         0x0800e7d6        0x2 
 .text._printf_float
                0x0800e7d8      0x448 /Applications/ArmGNUToolchain/15.2.rel1/arm-none-eabi/bin/../lib/gcc/arm-none-eabi/15.2.1/../../../../arm-none-eabi/lib/thumb/v7e-m+fp/hard/libc_nano.a(libc_a-nano-vfprintf_float.o)
                0x0800e7d8                _printf_float
 .text.malloc   0x0800ec20       0x10 /Applications/ArmGNUToolchain/15.2.rel1/arm-none-eabi/bin/../lib/gcc/arm-none-eabi/15.2.1/../../../../arm-none-eabi/lib/thumb/v7e-m+fp/hard/libc_nano.a(libc_a-malloc.o)
                0x0800ec20                malloc
 .text.sbrk_aligned
                0x0800ec30       0x44 /Applications/ArmGNUToolchain/15.2.rel1/arm-none-eabi/bin/../lib/gcc/arm-none-eabi/15.2.1/../../../../arm-none-eabi/lib/thumb/v7e-m+fp/hard/libc_nano.a(libc_a-mallocr.o)
 .text._malloc_r
                0x0800ec74       0xf8 /Applications/ArmGNUToolchain/15.2.rel1/arm-none-eabi/bin/../lib/gcc/arm-none-eabi/15.2.1/../../../../arm-none-eabi/lib/thumb/v7e-m+fp/hard/libc_nano.a(libc_a-mallocr.o)
                0x0800ec74                _malloc_r
 .text._printf_common
                0x0800ed6c       0xea /Applications/ArmGNUToolchain/15.2.rel1/arm-none-eabi/bin/../lib/gcc/arm-none-eabi/15.2.1/../../../../arm-none-eabi/lib/thumb/v7e-m+fp/hard/libc_nano.a(libc_a-nano-vfprintf_i.o)
                0x0800ed6c                _printf_common
 *fill*         0x0800ee56        0x2 
 .text._printf_i
                0x0800ee58      0x254 /Applications/ArmGNUToolchain/15.2.rel1/arm-none-eabi/bin/../lib/gcc/arm-none-eabi/15.2.1/../../../../arm-none-eabi/lib/thumb/v7e-m+fp/hard/libc_nano.a(libc_a-nano-vfprintf_i.o)
                0x0800ee58                _printf_i
 .text.__malloc_lock
                0x0800f0ac        0xc /Applications/ArmGNUToolchain/15.2.rel1/arm-none-eabi/bin/../lib/gcc/arm-none-eabi/15.2.1/../../../../arm-none-eabi/lib/thumb/v7e-m+fp/hard/libc_nano.a(libc_a-mlock.o)
                0x0800f0ac                __malloc_lock
 .text.__malloc_unlock
                0x0800f0b8        0xc /Applications/ArmGNUToolchain/15.2.rel1/arm-none-eabi/bin/../lib/gcc/arm-none-eabi/15.2.1/../../../../arm-none-eabi/lib/thumb/v7e-m+fp/hard/libc_nano.a(libc_a-mlock.o)
                0x0800f0b8                __malloc_unlock
 .text.std      0x0800f0c4       0x6c /Applications/ArmGNUToolchain/15.2.rel1/arm-none-eabi/bin/../lib/gcc/arm-none-eabi/15.2.1/../../../../arm-none-eabi/lib/thumb/v7e-m+fp/hard/libc_nano.a(libc_a-findfp.o)
 .text.stdio_exit_handler
                0x0800f130       0x18 /Applications/ArmGNUToolchain/15.2.rel1/arm-none-eabi/bin/../lib/gcc/arm-none-eabi/15.2.1/../../../../arm-none-eabi/lib/thumb/v7e-m+fp/hard/libc_nano.a(libc_a-findfp.o)
 .text.cleanup_stdio
                0x0800f148       0x40 /Applications/ArmGNUToolchain/15.2.rel1/arm-none-eabi/bin/../lib/gcc/arm-none-eabi/15.2.1/../../../../arm-none-eabi/lib/thumb/v7e-m+fp/hard/libc_nano.a(libc_a-findfp.o)
 .text.global_stdio_init.part.0
                0x0800f188       0x40 /Applications/ArmGNUToolchain/15.2.rel1/arm-none-eabi/bin/../lib/gcc/arm-none-eabi/15.2.1/../../../../arm-none-eabi/lib/thumb/v7e-m+fp/hard/libc_nano.a(libc_a-findfp.o)
 .text.__sfp_lock_acquire
                0x0800f1c8        0xc /Applications/ArmGNUToolchain/15.2.rel1/arm-none-eabi/bin/../lib/gcc/arm-none-eabi/15.2.1/../../../../arm-none-eabi/lib/thumb/v7e-m+fp/hard/libc_nano.a(libc_a-findfp.o)
                0x0800f1c8                __sfp_lock_acquire
 .text.__sfp_lock_release
                0x0800f1d4        0xc /Applications/ArmGNUToolchain/15.2.rel1/arm-none-eabi/bin/../lib/gcc/arm-none-eabi/15.2.1/../../../../arm-none-eabi/lib/thumb/v7e-m+fp/hard/libc_nano.a(libc_a-findfp.o)
                0x0800f1d4                __sfp_lock_release
 .text.__sinit  0x0800f1e0       0x30 /Applications/ArmGNUToolchain/15.2.rel1/arm-none-eabi/bin/../lib/gcc/arm-none-eabi/15.2.1/../../../../arm-none-eabi/lib/thumb/v7e-m+fp/hard/libc_nano.a(libc_a-findfp.o)
                0x0800f1e0                __sinit
 .text._fwalk_sglue
                0x0800f210       0x3a /Applications/ArmGNUToolchain/15.2.rel1/arm-none-eabi/bin/../lib/gcc/arm-none-eabi/15.2.1/../../../../arm-none-eabi/lib/thumb/v7e-m+fp/hard/libc_nano.a(libc_a-fwalk.o)
                0x0800f210                _fwalk_sglue
 *fill*         0x0800f24a        0x2 
 .text.printf   0x0800f24c       0x24 /Applications/ArmGNUToolchain/15.2.rel1/arm-none-eabi/bin/../lib/gcc/arm-none-eabi/15.2.1/../../../../arm-none-eabi/lib/thumb/v7e-m+fp/hard/libc_nano.a(libc_a-printf.o)
                0x0800f24c                printf
                0x0800f24c                iprintf
 .text.memset   0x0800f270       0x10 /Applications/ArmGNUToolchain/15.2.rel1/arm-none-eabi/bin/../lib/gcc/arm-none-eabi/15.2.1/../../../../arm-none-eabi/lib/thumb/v7e-m+fp/hard/libc_nano.a(libc_a-memset.o)
                0x0800f270                memset
 .text._raise_r
                0x0800f280       0x50 /Applications/ArmGNUToolchain/15.2.rel1/arm-none-eabi/bin/../lib/gcc/arm-none-eabi/15.2.1/../../../../arm-none-eabi/lib/thumb/v7e-m+fp/hard/libc_nano.a(libc_a-signal.o)
                0x0800f280                _raise_r
 .text.raise    0x0800f2d0       0x10 /Applications/ArmGNUToolchain/15.2.rel1/arm-none-eabi/bin/../lib/gcc/arm-none-eabi/15.2.1/../../../../arm-none-eabi/lib/thumb/v7e-m+fp/hard/libc_nano.a(libc_a-signal.o)
                0x0800f2d0                raise
 .text._kill_r  0x0800f2e0       0x24 /Applications/ArmGNUToolchain/15.2.rel1/arm-none-eabi/bin/../lib/gcc/arm-none-eabi/15.2.1/../../../../arm-none-eabi/lib/thumb/v7e-m+fp/hard/libc_nano.a(libc_a-signalr.o)
                0x0800f2e0                _kill_r
 .text._getpid_r
                0x0800f304        0x4 /Applications/ArmGNUToolchain/15.2.rel1/arm-none-eabi/bin/../lib/gcc/arm-none-eabi/15.2.1/../../../../arm-none-eabi/lib/thumb/v7e-m+fp/hard/libc_nano.a(libc_a-signalr.o)
                0x0800f304                _getpid_r
 .text._sbrk_r  0x0800f308       0x20 /Applications/ArmGNUToolchain/15.2.rel1/arm-none-eabi/bin/../lib/gcc/arm-none-eabi/15.2.1/../../../../arm-none-eabi/lib/thumb/v7e-m+fp/hard/libc_nano.a(libc_a-sbrkr.o)
                0x0800f308                _sbrk_r
 .text.__errno  0x0800f328        0xc /Applications/ArmGNUToolchain/15.2.rel1/arm-none-eabi/bin/../lib/gcc/arm-none-eabi/15.2.1/../../../../arm-none-eabi/lib/thumb/v7e-m+fp/hard/libc_nano.a(libc_a-errno.o)
                0x0800f328                __errno
 .text.__libc_init_array
                0x0800f334       0x48 /Applications/ArmGNUToolchain/15.2.rel1/arm-none-eabi/bin/../lib/gcc/arm-none-eabi/15.2.1/../../../../arm-none-eabi/lib/thumb/v7e-m+fp/hard/libc_nano.a(libc_a-init.o)
                0x0800f334                __libc_init_array
 .text.__retarget_lock_init_recursive
                0x0800f37c        0x2 /Applications/ArmGNUToolchain/15.2.rel1/arm-none-eabi/bin/../lib/gcc/arm-none-eabi/15.2.1/../../../../arm-none-eabi/lib/thumb/v7e-m+fp/hard/libc_nano.a(libc_a-lock.o)
                0x0800f37c                __retarget_lock_init_recursive
 .text.__retarget_lock_acquire_recursive
                0x0800f37e        0x2 /Applications/ArmGNUToolchain/15.2.rel1/arm-none-eabi/bin/../lib/gcc/arm-none-eabi/15.2.1/../../../../arm-none-eabi/lib/thumb/v7e-m+fp/hard/libc_nano.a(libc_a-lock.o)
                0x0800f37e                __retarget_lock_acquire_recursive
 .text.__retarget_lock_release_recursive
                0x0800f380        0x2 /Applications/ArmGNUToolchain/15.2.rel1/arm-none-eabi/bin/../lib/gcc/arm-none-eabi/15.2.1/../../../../arm-none-eabi/lib/thumb/v7e-m+fp/hard/libc_nano.a(libc_a-lock.o)
                0x0800f380                __retarget_lock_release_recursive
 *fill*         0x0800f382        0x2 
 .text._localeconv_r
                0x0800f384        0x8 /Applications/ArmGNUToolchain/15.2.rel1/arm-none-eabi/bin/../lib/gcc/arm-none-eabi/15.2.1/../../../../arm-none-eabi/lib/thumb/v7e-m+fp/hard/libc_nano.a(libc_a-localeconv.o)
                0x0800f384                _localeconv_r
 .text.memcpy   0x0800f38c       0x1c /Applications/ArmGNUToolchain/15.2.rel1/arm-none-eabi/bin/../lib/gcc/arm-none-eabi/15.2.1/../../../../arm-none-eabi/lib/thumb/v7e-m+fp/hard/libc_nano.a(libc_a-memcpy-stub.o)
                0x0800f38c                memcpy
 .text.quorem   0x0800f3a8      0x110 /Applications/ArmGNUToolchain/15.2.rel1/arm-none-eabi/bin/../lib/gcc/arm-none-eabi/15.2.1/../../../../arm-none-eabi/lib/thumb/v7e-m+fp/hard/libc_nano.a(libc_a-dtoa.o)
 .text._dtoa_r  0x0800f4b8      0xbac /Applications/ArmGNUToolchain/15.2.rel1/arm-none-eabi/bin/../lib/gcc/arm-none-eabi/15.2.1/../../../../arm-none-eabi/lib/thumb/v7e-m+fp/hard/libc_nano.a(libc_a-dtoa.o)
                0x0800f4b8                _dtoa_r
 .text._free_r  0x08010064       0x98 /Applications/ArmGNUToolchain/15.2.rel1/arm-none-eabi/bin/../lib/gcc/arm-none-eabi/15.2.1/../../../../arm-none-eabi/lib/thumb/v7e-m+fp/hard/libc_nano.a(libc_a-freer.o)
                0x08010064                _free_r
 .text.__sfputc_r
                0x080100fc       0x2a /Applications/ArmGNUToolchain/15.2.rel1/arm-none-eabi/bin/../lib/gcc/arm-none-eabi/15.2.1/../../../../arm-none-eabi/lib/thumb/v7e-m+fp/hard/libc_nano.a(libc_a-nano-vfprintf.o)
 .text.__sfputs_r
                0x08010126       0x24 /Applications/ArmGNUToolchain/15.2.rel1/arm-none-eabi/bin/../lib/gcc/arm-none-eabi/15.2.1/../../../../arm-none-eabi/lib/thumb/v7e-m+fp/hard/libc_nano.a(libc_a-nano-vfprintf.o)
                0x08010126                __sfputs_r
 *fill*         0x0801014a        0x2 
 .text._vfprintf_r
                0x0801014c      0x228 /Applications/ArmGNUToolchain/15.2.rel1/arm-none-eabi/bin/../lib/gcc/arm-none-eabi/15.2.1/../../../../arm-none-eabi/lib/thumb/v7e-m+fp/hard/libc_nano.a(libc_a-nano-vfprintf.o)
                0x0801014c                _vfiprintf_r
                0x0801014c                _vfprintf_r
 .text._Balloc  0x08010374       0x7c /Applications/ArmGNUToolchain/15.2.rel1/arm-none-eabi/bin/../lib/gcc/arm-none-eabi/15.2.1/../../../../arm-none-eabi/lib/thumb/v7e-m+fp/hard/libc_nano.a(libc_a-mprec.o)
                0x08010374                _Balloc
 .text._Bfree   0x080103f0       0x44 /Applications/ArmGNUToolchain/15.2.rel1/arm-none-eabi/bin/../lib/gcc/arm-none-eabi/15.2.1/../../../../arm-none-eabi/lib/thumb/v7e-m+fp/hard/libc_nano.a(libc_a-mprec.o)
                0x080103f0                _Bfree
 .text.__multadd
                0x08010434       0x8c /Applications/ArmGNUToolchain/15.2.rel1/arm-none-eabi/bin/../lib/gcc/arm-none-eabi/15.2.1/../../../../arm-none-eabi/lib/thumb/v7e-m+fp/hard/libc_nano.a(libc_a-mprec.o)
                0x08010434                __multadd
 .text.__hi0bits
                0x080104c0       0x3c /Applications/ArmGNUToolchain/15.2.rel1/arm-none-eabi/bin/../lib/gcc/arm-none-eabi/15.2.1/../../../../arm-none-eabi/lib/thumb/v7e-m+fp/hard/libc_nano.a(libc_a-mprec.o)
                0x080104c0                __hi0bits
 .text.__lo0bits
                0x080104fc       0x5c /Applications/ArmGNUToolchain/15.2.rel1/arm-none-eabi/bin/../lib/gcc/arm-none-eabi/15.2.1/../../../../arm-none-eabi/lib/thumb/v7e-m+fp/hard/libc_nano.a(libc_a-mprec.o)
                0x080104fc                __lo0bits
 .text.__i2b    0x08010558       0x2c /Applications/ArmGNUToolchain/15.2.rel1/arm-none-eabi/bin/../lib/gcc/arm-none-eabi/15.2.1/../../../../arm-none-eabi/lib/thumb/v7e-m+fp/hard/libc_nano.a(libc_a-mprec.o)
                0x08010558                __i2b
 .text.__multiply