/Applications/ArmGNUToolchain/15.2.rel1/arm-none-eabi/arm-none-eabi/include/c++/15.2.1/cmath:138:3:constexpr float std::atan(float)	16	static
/Applications/ArmGNUToolchain/15.2.rel1/arm-none-eabi/arm-none-eabi/include/c++/15.2.1/cmath:157:3:constexpr float std::atan2(float, float)	16	static
/Applications/ArmGNUToolchain/15.2.rel1/arm-none-eabi/arm-none-eabi/include/c++/15.2.1/cmath:449:3:constexpr float std::sqrt(float)	16	static
../Core/Src/Sensors/Gyro.cpp:16:1:Gyro::Gyro()	24	static
../Core/Src/Sensors/Gyro.cpp:22:6:void Gyro::accelInit()	24	static
../Core/Src/Sensors/Gyro.cpp:58:9:uint8_t Gyro::accelReadRegister(uint8_t)	24	static
../Core/Src/Sensors/Gyro.cpp:71:6:void Gyro::accelWriteRegister(uint8_t, uint8_t)	24	static
../Core/Src/Sensors/Gyro.cpp:78:6:void Gyro::accelReadData()	40	static
../Core/Src/Sensors/Gyro.cpp:96:6:void Gyro::updateData(float)	16	static
../Core/Src/Sensors/Gyro.cpp:101:6:void Gyro::processRawData(float)	40	static
../Core/Src/Sensors/Gyro.cpp:156:6:bool Gyro::calibrate()	16	static
../Core/Src/Sensors/Gyro.cpp:185:6:void Gyro::dumpData()	96	static
