../Core/Src/main.cpp:83:5:int main()	8	static
../Core/Src/main.cpp:136:6:void SystemClock_Config()	88	static
../Core/Src/main.cpp:179:13:void MX_SPI1_Init()	8	static
../Core/Src/main.cpp:215:13:void MX_TIM2_Init()	32	static
../Core/Src/main.cpp:257:13:void MX_TIM3_Init()	48	static
../Core/Src/main.cpp:308:13:void MX_TIM4_Init()	48	static
../Core/Src/main.cpp:359:13:void MX_UART4_Init()	8	static
../Core/Src/main.cpp:390:13:void MX_UART5_Init()	8	static
../Core/Src/main.cpp:421:13:void MX_USART3_UART_Init()	8	static
../Core/Src/main.cpp:452:13:void MX_GPIO_Init()	48	static
../Core/Src/main.cpp:504:6:void Error_Handler()	4	static
