../Core/Src/Drone/../Constants/constants.h:37:27:static Stm32Handlers* Stm32HandlersSingleton::getInstance()	8	static
../Core/Src/main.cpp:81:5:int main()	16	static
../Core/Src/main.cpp:134:6:void SystemClock_Config()	88	static
../Core/Src/main.cpp:180:13:void MX_SPI1_Init()	8	static
../Core/Src/main.cpp:218:13:void MX_TIM3_Init()	48	static
../Core/Src/main.cpp:271:13:void MX_TIM4_Init()	48	static
../Core/Src/main.cpp:324:13:void MX_UART4_Init()	8	static
../Core/Src/main.cpp:357:13:void MX_UART5_Init()	8	static
../Core/Src/main.cpp:390:13:void MX_USART3_UART_Init()	8	static
../Core/Src/main.cpp:423:13:void MX_GPIO_Init()	48	static
../Core/Src/main.cpp:476:6:void Error_Handler()	4	static,ignoring_inline_asm
