../Core/Src/pid.cpp:10:6:void calculatePidPosZ(DronePosition*, ControllerReadings, Estimator*)	16	static
../Core/Src/pid.cpp:16:6:void calculatePidThrottle(DronePosition*, ControllerReadings*, Estimator*)	40	static
../Core/Src/pid.cpp:27:6:void calculatePidPosX(DronePosition*, ControllerReadings, Estimator*)	16	static
../Core/Src/pid.cpp:33:6:void calculatePidPosY(DronePosition*, ControllerReadings, Estimator*)	16	static
../Core/Src/pid.cpp:39:6:void calculatePidVelX(DronePosition*, ControllerReadings, Estimator*)	32	static
../Core/Src/pid.cpp:55:6:void calculatePidVelY(DronePosition*, ControllerReadings, Estimator*)	32	static
../Core/Src/pid.cpp:71:6:void calculatePidPitch(DronePosition*, ControllerReadings*, Gyro*)	32	static
../Core/Src/pid.cpp:82:6:void calculatePidRoll(DronePosition*, ControllerReadings*, Gyro*)	32	static
../Core/Src/pid.cpp:93:6:void calculatePidPitchRate(DronePosition*, ControllerReadings*, Gyro*)	40	static
../Core/Src/pid.cpp:108:6:void calculatePidRollRate(DronePosition*, ControllerReadings*, Gyro*)	40	static
../Core/Src/pid.cpp:123:6:void calculatePidYaw(DronePosition*, Gyro*)	16	static
../Core/Src/pid.cpp:128:6:void runAngleModePid(DronePosition*, Gyro*, Estimator*, ControllerReadings*)	24	static
../Core/Src/pid.cpp:138:6:void runPositionModePid()	4	static
../Core/Src/pid.cpp:142:6:void resetPid(DronePosition*)	16	static
../Core/Src/pid.cpp:164:1:void __static_initialization_and_destruction_0()	16	static
../Core/Src/pid.cpp:164:1:cpp)	8	static
