../Core/Src/pid.cpp:9:6:void calculatePidPosZ(DronePosition*, ControllerReadings, Estimator*)	16	static
../Core/Src/pid.cpp:15:6:void calculatePidThrottle(DronePosition*, ControllerReadings*, Estimator*)	40	static
../Core/Src/pid.cpp:26:6:void calculatePidPosX(DronePosition*, ControllerReadings, Estimator*)	16	static
../Core/Src/pid.cpp:32:6:void calculatePidPosY(DronePosition*, ControllerReadings, Estimator*)	16	static
../Core/Src/pid.cpp:38:6:void calculatePidVelX(DronePosition*, ControllerReadings, Estimator*)	32	static
../Core/Src/pid.cpp:54:6:void calculatePidVelY(DronePosition*, ControllerReadings, Estimator*)	32	static
../Core/Src/pid.cpp:70:6:void calculatePidPitch(DronePosition*, ControllerReadings*, Gyro*)	32	static
../Core/Src/pid.cpp:80:6:void calculatePidRoll(DronePosition*, ControllerReadings*, Gyro*)	32	static
../Core/Src/pid.cpp:90:6:void calculatePidPitchRate(DronePosition*, ControllerReadings*, Gyro*)	40	static
../Core/Src/pid.cpp:100:6:void calculatePidRollRate(DronePosition*, ControllerReadings*, Gyro*)	40	static
../Core/Src/pid.cpp:110:6:void calculatePidYaw(DronePosition*, Gyro*)	16	static
../Core/Src/pid.cpp:115:6:void resetPid(DronePosition*)	16	static
../Core/Src/pid.cpp:137:1:void __static_initialization_and_destruction_0(int, int)	24	static
../Core/Src/pid.cpp:137:1:cpp)	8	static
